20:51:57 **** Build of project pmod_da2_sinusoidal_bsp ****
make -k all 
"Running Make include in ps7_cortexa9_0/libsrc/coresightps_dcc_v1_5/src"
make -C ps7_cortexa9_0/libsrc/coresightps_dcc_v1_5/src -s include  "SHELL=CMD" "COMPILER=arm-none-eabi-gcc" "ARCHIVER=arm-none-eabi-ar" "COMPILER_FLAGS=  -O2 -c" "EXTRA_COMPILER_FLAGS=-mcpu=cortex-a9 -mfpu=vfpv3 -mfloat-abi=hard -nostartfiles -g -Wall -Wextra"
"Running Make include in ps7_cortexa9_0/libsrc/cpu_cortexa9_v2_7/src"
make -C ps7_cortexa9_0/libsrc/cpu_cortexa9_v2_7/src -s include  "SHELL=CMD" "COMPILER=arm-none-eabi-gcc" "ARCHIVER=arm-none-eabi-ar" "COMPILER_FLAGS=  -O2 -c" "EXTRA_COMPILER_FLAGS=-mcpu=cortex-a9 -mfpu=vfpv3 -mfloat-abi=hard -nostartfiles -g -Wall -Wextra"
"Running Make include in ps7_cortexa9_0/libsrc/DA2Pmod_v1_0/src"
make -C ps7_cortexa9_0/libsrc/DA2Pmod_v1_0/src -s include  "SHELL=CMD" "COMPILER=arm-none-eabi-gcc" "ARCHIVER=arm-none-eabi-ar" "COMPILER_FLAGS=  -O2 -c" "EXTRA_COMPILER_FLAGS=-mcpu=cortex-a9 -mfpu=vfpv3 -mfloat-abi=hard -nostartfiles -g -Wall -Wextra"
"Running Make include in ps7_cortexa9_0/libsrc/ddrps_v1_0/src"
make -C ps7_cortexa9_0/libsrc/ddrps_v1_0/src -s include  "SHELL=CMD" "COMPILER=arm-none-eabi-gcc" "ARCHIVER=arm-none-eabi-ar" "COMPILER_FLAGS=  -O2 -c" "EXTRA_COMPILER_FLAGS=-mcpu=cortex-a9 -mfpu=vfpv3 -mfloat-abi=hard -nostartfiles -g -Wall -Wextra"
"Running Make include in ps7_cortexa9_0/libsrc/devcfg_v3_5/src"
make -C ps7_cortexa9_0/libsrc/devcfg_v3_5/src -s include  "SHELL=CMD" "COMPILER=arm-none-eabi-gcc" "ARCHIVER=arm-none-eabi-ar" "COMPILER_FLAGS=  -O2 -c" "EXTRA_COMPILER_FLAGS=-mcpu=cortex-a9 -mfpu=vfpv3 -mfloat-abi=hard -nostartfiles -g -Wall -Wextra"
"Running Make include in ps7_cortexa9_0/libsrc/dmaps_v2_4/src"
make -C ps7_cortexa9_0/libsrc/dmaps_v2_4/src -s include  "SHELL=CMD" "COMPILER=arm-none-eabi-gcc" "ARCHIVER=arm-none-eabi-ar" "COMPILER_FLAGS=  -O2 -c" "EXTRA_COMPILER_FLAGS=-mcpu=cortex-a9 -mfpu=vfpv3 -mfloat-abi=hard -nostartfiles -g -Wall -Wextra"
"Running Make include in ps7_cortexa9_0/libsrc/emacps_v3_9/src"
make -C ps7_cortexa9_0/libsrc/emacps_v3_9/src -s include  "SHELL=CMD" "COMPILER=arm-none-eabi-gcc" "ARCHIVER=arm-none-eabi-ar" "COMPILER_FLAGS=  -O2 -c" "EXTRA_COMPILER_FLAGS=-mcpu=cortex-a9 -mfpu=vfpv3 -mfloat-abi=hard -nostartfiles -g -Wall -Wextra"
"Running Make include in ps7_cortexa9_0/libsrc/gpiops_v3_5/src"
make -C ps7_cortexa9_0/libsrc/gpiops_v3_5/src -s include  "SHELL=CMD" "COMPILER=arm-none-eabi-gcc" "ARCHIVER=arm-none-eabi-ar" "COMPILER_FLAGS=  -O2 -c" "EXTRA_COMPILER_FLAGS=-mcpu=cortex-a9 -mfpu=vfpv3 -mfloat-abi=hard -nostartfiles -g -Wall -Wextra"
"Running Make include in ps7_cortexa9_0/libsrc/gpio_v4_4/src"
make -C ps7_cortexa9_0/libsrc/gpio_v4_4/src -s include  "SHELL=CMD" "COMPILER=arm-none-eabi-gcc" "ARCHIVER=arm-none-eabi-ar" "COMPILER_FLAGS=  -O2 -c" "EXTRA_COMPILER_FLAGS=-mcpu=cortex-a9 -mfpu=vfpv3 -mfloat-abi=hard -nostartfiles -g -Wall -Wextra"
"Running Make include in ps7_cortexa9_0/libsrc/qspips_v3_6/src"
make -C ps7_cortexa9_0/libsrc/qspips_v3_6/src -s include  "SHELL=CMD" "COMPILER=arm-none-eabi-gcc" "ARCHIVER=arm-none-eabi-ar" "COMPILER_FLAGS=  -O2 -c" "EXTRA_COMPILER_FLAGS=-mcpu=cortex-a9 -mfpu=vfpv3 -mfloat-abi=hard -nostartfiles -g -Wall -Wextra"
"Running Make include in ps7_cortexa9_0/libsrc/scugic_v4_0/src"
make -C ps7_cortexa9_0/libsrc/scugic_v4_0/src -s include  "SHELL=CMD" "COMPILER=arm-none-eabi-gcc" "ARCHIVER=arm-none-eabi-ar" "COMPILER_FLAGS=  -O2 -c" "EXTRA_COMPILER_FLAGS=-mcpu=cortex-a9 -mfpu=vfpv3 -mfloat-abi=hard -nostartfiles -g -Wall -Wextra"
"Running Make include in ps7_cortexa9_0/libsrc/scutimer_v2_1/src"
make -C ps7_cortexa9_0/libsrc/scutimer_v2_1/src -s include  "SHELL=CMD" "COMPILER=arm-none-eabi-gcc" "ARCHIVER=arm-none-eabi-ar" "COMPILER_FLAGS=  -O2 -c" "EXTRA_COMPILER_FLAGS=-mcpu=cortex-a9 -mfpu=vfpv3 -mfloat-abi=hard -nostartfiles -g -Wall -Wextra"
"Running Make include in ps7_cortexa9_0/libsrc/scuwdt_v2_1/src"
make -C ps7_cortexa9_0/libsrc/scuwdt_v2_1/src -s include  "SHELL=CMD" "COMPILER=arm-none-eabi-gcc" "ARCHIVER=arm-none-eabi-ar" "COMPILER_FLAGS=  -O2 -c" "EXTRA_COMPILER_FLAGS=-mcpu=cortex-a9 -mfpu=vfpv3 -mfloat-abi=hard -nostartfiles -g -Wall -Wextra"
"Running Make include in ps7_cortexa9_0/libsrc/sdps_v3_7/src"
make -C ps7_cortexa9_0/libsrc/sdps_v3_7/src -s include  "SHELL=CMD" "COMPILER=arm-none-eabi-gcc" "ARCHIVER=arm-none-eabi-ar" "COMPILER_FLAGS=  -O2 -c" "EXTRA_COMPILER_FLAGS=-mcpu=cortex-a9 -mfpu=vfpv3 -mfloat-abi=hard -nostartfiles -g -Wall -Wextra"
"Running Make include in ps7_cortexa9_0/libsrc/standalone_v7_0/src"
make -C ps7_cortexa9_0/libsrc/standalone_v7_0/src -s include  "SHELL=CMD" "COMPILER=arm-none-eabi-gcc" "ARCHIVER=arm-none-eabi-ar" "COMPILER_FLAGS=  -O2 -c" "EXTRA_COMPILER_FLAGS=-mcpu=cortex-a9 -mfpu=vfpv3 -mfloat-abi=hard -nostartfiles -g -Wall -Wextra"
"Running Make include in ps7_cortexa9_0/libsrc/ttcps_v3_9/src"
make -C ps7_cortexa9_0/libsrc/ttcps_v3_9/src -s include  "SHELL=CMD" "COMPILER=arm-none-eabi-gcc" "ARCHIVER=arm-none-eabi-ar" "COMPILER_FLAGS=  -O2 -c" "EXTRA_COMPILER_FLAGS=-mcpu=cortex-a9 -mfpu=vfpv3 -mfloat-abi=hard -nostartfiles -g -Wall -Wextra"
"Running Make include in ps7_cortexa9_0/libsrc/uartps_v3_7/src"
make -C ps7_cortexa9_0/libsrc/uartps_v3_7/src -s include  "SHELL=CMD" "COMPILER=arm-none-eabi-gcc" "ARCHIVER=arm-none-eabi-ar" "COMPILER_FLAGS=  -O2 -c" "EXTRA_COMPILER_FLAGS=-mcpu=cortex-a9 -mfpu=vfpv3 -mfloat-abi=hard -nostartfiles -g -Wall -Wextra"
"Running Make include in ps7_cortexa9_0/libsrc/usbps_v2_4/src"
make -C ps7_cortexa9_0/libsrc/usbps_v2_4/src -s include  "SHELL=CMD" "COMPILER=arm-none-eabi-gcc" "ARCHIVER=arm-none-eabi-ar" "COMPILER_FLAGS=  -O2 -c" "EXTRA_COMPILER_FLAGS=-mcpu=cortex-a9 -mfpu=vfpv3 -mfloat-abi=hard -nostartfiles -g -Wall -Wextra"
"Running Make include in ps7_cortexa9_0/libsrc/xadcps_v2_3/src"
make -C ps7_cortexa9_0/libsrc/xadcps_v2_3/src -s include  "SHELL=CMD" "COMPILER=arm-none-eabi-gcc" "ARCHIVER=arm-none-eabi-ar" "COMPILER_FLAGS=  -O2 -c" "EXTRA_COMPILER_FLAGS=-mcpu=cortex-a9 -mfpu=vfpv3 -mfloat-abi=hard -nostartfiles -g -Wall -Wextra"
"Running Make libs in ps7_cortexa9_0/libsrc/coresightps_dcc_v1_5/src"
make -C ps7_cortexa9_0/libsrc/coresightps_dcc_v1_5/src -s libs  "SHELL=CMD" "COMPILER=arm-none-eabi-gcc" "ARCHIVER=arm-none-eabi-ar" "COMPILER_FLAGS=  -O2 -c" "EXTRA_COMPILER_FLAGS=-mcpu=cortex-a9 -mfpu=vfpv3 -mfloat-abi=hard -nostartfiles -g -Wall -Wextra"
"Compiling coresightps_dcc"
arm-none-eabi-ar: creating ../../../lib/libxil.a
"Running Make libs in ps7_cortexa9_0/libsrc/cpu_cortexa9_v2_7/src"
make -C ps7_cortexa9_0/libsrc/cpu_cortexa9_v2_7/src -s libs  "SHELL=CMD" "COMPILER=arm-none-eabi-gcc" "ARCHIVER=arm-none-eabi-ar" "COMPILER_FLAGS=  -O2 -c" "EXTRA_COMPILER_FLAGS=-mcpu=cortex-a9 -mfpu=vfpv3 -mfloat-abi=hard -nostartfiles -g -Wall -Wextra"
"Compiling cpu_cortexa9"
"Running Make libs in ps7_cortexa9_0/libsrc/DA2Pmod_v1_0/src"
make -C ps7_cortexa9_0/libsrc/DA2Pmod_v1_0/src -s libs  "SHELL=CMD" "COMPILER=arm-none-eabi-gcc" "ARCHIVER=arm-none-eabi-ar" "COMPILER_FLAGS=  -O2 -c" "EXTRA_COMPILER_FLAGS=-mcpu=cortex-a9 -mfpu=vfpv3 -mfloat-abi=hard -nostartfiles -g -Wall -Wextra"
"Compiling DA2Pmod..."
DA2Pmod_selftest.c: In function 'DA2PMOD_Reg_SelfTest':
DA2Pmod_selftest.c:52:56: warning: comparison of integer expressions of different signedness: 'u32' {aka 'long unsigned int'} and 'int' [-Wsign-compare]
    if ( DA2PMOD_mReadReg (baseaddr, read_loop_index*4) != (read_loop_index+1)*READ_WRITE_MUL_FACTOR){
                                                        ^~
DA2Pmod_selftest.c:36:6: warning: unused variable 'Index' [-Wunused-variable]
  int Index;
      ^~~~~
"Running Make libs in ps7_cortexa9_0/libsrc/ddrps_v1_0/src"
make -C ps7_cortexa9_0/libsrc/ddrps_v1_0/src -s libs  "SHELL=CMD" "COMPILER=arm-none-eabi-gcc" "ARCHIVER=arm-none-eabi-ar" "COMPILER_FLAGS=  -O2 -c" "EXTRA_COMPILER_FLAGS=-mcpu=cortex-a9 -mfpu=vfpv3 -mfloat-abi=hard -nostartfiles -g -Wall -Wextra"
"Compiling ddrps"
"Running Make libs in ps7_cortexa9_0/libsrc/devcfg_v3_5/src"
make -C ps7_cortexa9_0/libsrc/devcfg_v3_5/src -s libs  "SHELL=CMD" "COMPILER=arm-none-eabi-gcc" "ARCHIVER=arm-none-eabi-ar" "COMPILER_FLAGS=  -O2 -c" "EXTRA_COMPILER_FLAGS=-mcpu=cortex-a9 -mfpu=vfpv3 -mfloat-abi=hard -nostartfiles -g -Wall -Wextra"
"Compiling devcfg"
"Running Make libs in ps7_cortexa9_0/libsrc/dmaps_v2_4/src"
make -C ps7_cortexa9_0/libsrc/dmaps_v2_4/src -s libs  "SHELL=CMD" "COMPILER=arm-none-eabi-gcc" "ARCHIVER=arm-none-eabi-ar" "COMPILER_FLAGS=  -O2 -c" "EXTRA_COMPILER_FLAGS=-mcpu=cortex-a9 -mfpu=vfpv3 -mfloat-abi=hard -nostartfiles -g -Wall -Wextra"
"Compiling dmaps"
"Running Make libs in ps7_cortexa9_0/libsrc/emacps_v3_9/src"
make -C ps7_cortexa9_0/libsrc/emacps_v3_9/src -s libs  "SHELL=CMD" "COMPILER=arm-none-eabi-gcc" "ARCHIVER=arm-none-eabi-ar" "COMPILER_FLAGS=  -O2 -c" "EXTRA_COMPILER_FLAGS=-mcpu=cortex-a9 -mfpu=vfpv3 -mfloat-abi=hard -nostartfiles -g -Wall -Wextra"
"Compiling emacps"
"Running Make libs in ps7_cortexa9_0/libsrc/gpiops_v3_5/src"
make -C ps7_cortexa9_0/libsrc/gpiops_v3_5/src -s libs  "SHELL=CMD" "COMPILER=arm-none-eabi-gcc" "ARCHIVER=arm-none-eabi-ar" "COMPILER_FLAGS=  -O2 -c" "EXTRA_COMPILER_FLAGS=-mcpu=cortex-a9 -mfpu=vfpv3 -mfloat-abi=hard -nostartfiles -g -Wall -Wextra"
"Compiling gpiops"
"Running Make libs in ps7_cortexa9_0/libsrc/gpio_v4_4/src"
make -C ps7_cortexa9_0/libsrc/gpio_v4_4/src -s libs  "SHELL=CMD" "COMPILER=arm-none-eabi-gcc" "ARCHIVER=arm-none-eabi-ar" "COMPILER_FLAGS=  -O2 -c" "EXTRA_COMPILER_FLAGS=-mcpu=cortex-a9 -mfpu=vfpv3 -mfloat-abi=hard -nostartfiles -g -Wall -Wextra"
"Compiling gpio"
"Running Make libs in ps7_cortexa9_0/libsrc/qspips_v3_6/src"
make -C ps7_cortexa9_0/libsrc/qspips_v3_6/src -s libs  "SHELL=CMD" "COMPILER=arm-none-eabi-gcc" "ARCHIVER=arm-none-eabi-ar" "COMPILER_FLAGS=  -O2 -c" "EXTRA_COMPILER_FLAGS=-mcpu=cortex-a9 -mfpu=vfpv3 -mfloat-abi=hard -nostartfiles -g -Wall -Wextra"
"Compiling qspips"
"Running Make libs in ps7_cortexa9_0/libsrc/scugic_v4_0/src"
make -C ps7_cortexa9_0/libsrc/scugic_v4_0/src -s libs  "SHELL=CMD" "COMPILER=arm-none-eabi-gcc" "ARCHIVER=arm-none-eabi-ar" "COMPILER_FLAGS=  -O2 -c" "EXTRA_COMPILER_FLAGS=-mcpu=cortex-a9 -mfpu=vfpv3 -mfloat-abi=hard -nostartfiles -g -Wall -Wextra"
"Compiling scugic"
"Running Make libs in ps7_cortexa9_0/libsrc/scutimer_v2_1/src"
make -C ps7_cortexa9_0/libsrc/scutimer_v2_1/src -s libs  "SHELL=CMD" "COMPILER=arm-none-eabi-gcc" "ARCHIVER=arm-none-eabi-ar" "COMPILER_FLAGS=  -O2 -c" "EXTRA_COMPILER_FLAGS=-mcpu=cortex-a9 -mfpu=vfpv3 -mfloat-abi=hard -nostartfiles -g -Wall -Wextra"
"Compiling scutimer"
"Running Make libs in ps7_cortexa9_0/libsrc/scuwdt_v2_1/src"
make -C ps7_cortexa9_0/libsrc/scuwdt_v2_1/src -s libs  "SHELL=CMD" "COMPILER=arm-none-eabi-gcc" "ARCHIVER=arm-none-eabi-ar" "COMPILER_FLAGS=  -O2 -c" "EXTRA_COMPILER_FLAGS=-mcpu=cortex-a9 -mfpu=vfpv3 -mfloat-abi=hard -nostartfiles -g -Wall -Wextra"
"Compiling scuwdt"
"Running Make libs in ps7_cortexa9_0/libsrc/sdps_v3_7/src"
make -C ps7_cortexa9_0/libsrc/sdps_v3_7/src -s libs  "SHELL=CMD" "COMPILER=arm-none-eabi-gcc" "ARCHIVER=arm-none-eabi-ar" "COMPILER_FLAGS=  -O2 -c" "EXTRA_COMPILER_FLAGS=-mcpu=cortex-a9 -mfpu=vfpv3 -mfloat-abi=hard -nostartfiles -g -Wall -Wextra"
"Compiling sdps"
"Running Make libs in ps7_cortexa9_0/libsrc/standalone_v7_0/src"
make -C ps7_cortexa9_0/libsrc/standalone_v7_0/src -s libs  "SHELL=CMD" "COMPILER=arm-none-eabi-gcc" "ARCHIVER=arm-none-eabi-ar" "COMPILER_FLAGS=  -O2 -c" "EXTRA_COMPILER_FLAGS=-mcpu=cortex-a9 -mfpu=vfpv3 -mfloat-abi=hard -nostartfiles -g -Wall -Wextra"
"Compiling standalone"
In file included from usleep.c:56:
xtime_l.h:87:9: note: #pragma message: For the sleep routines, Global timer is being used
 #pragma message ("For the sleep routines, Global timer is being used")
         ^~~~~~~
In file included from xil_sleeptimer.c:51:
xtime_l.h:87:9: note: #pragma message: For the sleep routines, Global timer is being used
 #pragma message ("For the sleep routines, Global timer is being used")
         ^~~~~~~
In file included from xtime_l.c:49:
xtime_l.h:87:9: note: #pragma message: For the sleep routines, Global timer is being used
 #pragma message ("For the sleep routines, Global timer is being used")
         ^~~~~~~
In file included from sleep.c:53:
xtime_l.h:87:9: note: #pragma message: For the sleep routines, Global timer is being used
 #pragma message ("For the sleep routines, Global timer is being used")
         ^~~~~~~
"Running Make libs in ps7_cortexa9_0/libsrc/ttcps_v3_9/src"
make -C ps7_cortexa9_0/libsrc/ttcps_v3_9/src -s libs  "SHELL=CMD" "COMPILER=arm-none-eabi-gcc" "ARCHIVER=arm-none-eabi-ar" "COMPILER_FLAGS=  -O2 -c" "EXTRA_COMPILER_FLAGS=-mcpu=cortex-a9 -mfpu=vfpv3 -mfloat-abi=hard -nostartfiles -g -Wall -Wextra"
"Compiling ttcps"
"Running Make libs in ps7_cortexa9_0/libsrc/uartps_v3_7/src"
make -C ps7_cortexa9_0/libsrc/uartps_v3_7/src -s libs  "SHELL=CMD" "COMPILER=arm-none-eabi-gcc" "ARCHIVER=arm-none-eabi-ar" "COMPILER_FLAGS=  -O2 -c" "EXTRA_COMPILER_FLAGS=-mcpu=cortex-a9 -mfpu=vfpv3 -mfloat-abi=hard -nostartfiles -g -Wall -Wextra"
"Compiling uartps"
"Running Make libs in ps7_cortexa9_0/libsrc/usbps_v2_4/src"
make -C ps7_cortexa9_0/libsrc/usbps_v2_4/src -s libs  "SHELL=CMD" "COMPILER=arm-none-eabi-gcc" "ARCHIVER=arm-none-eabi-ar" "COMPILER_FLAGS=  -O2 -c" "EXTRA_COMPILER_FLAGS=-mcpu=cortex-a9 -mfpu=vfpv3 -mfloat-abi=hard -nostartfiles -g -Wall -Wextra"
"Compiling usbps"
"Running Make libs in ps7_cortexa9_0/libsrc/xadcps_v2_3/src"
make -C ps7_cortexa9_0/libsrc/xadcps_v2_3/src -s libs  "SHELL=CMD" "COMPILER=arm-none-eabi-gcc" "ARCHIVER=arm-none-eabi-ar" "COMPILER_FLAGS=  -O2 -c" "EXTRA_COMPILER_FLAGS=-mcpu=cortex-a9 -mfpu=vfpv3 -mfloat-abi=hard -nostartfiles -g -Wall -Wextra"
"Compiling xadcps"
'Finished building libraries'
20:52:42 **** Build of configuration Debug for project pmod_da2_sinusoidal ****
make pre-build main-build 
a9-linaro-pre-build-step
' '
'Building file: ../src/helloworld.c'
'Invoking: ARM v7 gcc compiler'
arm-none-eabi-gcc -Wall -O0 -g3 -c -fmessage-length=0 -MT"src/helloworld.o" -mcpu=cortex-a9 -mfpu=vfpv3 -mfloat-abi=hard -I../../pmod_da2_sinusoidal_bsp/ps7_cortexa9_0/include -MMD -MP -MF"src/helloworld.d" -MT"src/helloworld.o" -o "src/helloworld.o" "../src/helloworld.c"
'Finished building: ../src/helloworld.c'
' '
'Building file: ../src/platform.c'
'Invoking: ARM v7 gcc compiler'
arm-none-eabi-gcc -Wall -O0 -g3 -c -fmessage-length=0 -MT"src/platform.o" -mcpu=cortex-a9 -mfpu=vfpv3 -mfloat-abi=hard -I../../pmod_da2_sinusoidal_bsp/ps7_cortexa9_0/include -MMD -MP -MF"src/platform.d" -MT"src/platform.o" -o "src/platform.o" "../src/platform.c"
'Finished building: ../src/platform.c'
' '
'Building target: pmod_da2_sinusoidal.elf'
'Invoking: ARM v7 gcc linker'
arm-none-eabi-gcc -mcpu=cortex-a9 -mfpu=vfpv3 -mfloat-abi=hard -Wl,-build-id=none -specs=Xilinx.spec -Wl,-T -Wl,../src/lscript.ld -L../../pmod_da2_sinusoidal_bsp/ps7_cortexa9_0/lib -o "pmod_da2_sinusoidal.elf"  ./src/helloworld.o ./src/platform.o   -Wl,--start-group,-lxil,-lgcc,-lc,--end-group
'Finished building target: pmod_da2_sinusoidal.elf'
' '
'Invoking: ARM v7 Print Size'
arm-none-eabi-size pmod_da2_sinusoidal.elf  |tee "pmod_da2_sinusoidal.elf.size"
   text	   data	    bss	    dec	    hex	filename
  19064	   1144	  22568	  42776	   a718	pmod_da2_sinusoidal.elf
'Finished building: pmod_da2_sinusoidal.elf.size'
' '
20:52:45 **** Auto Build of configuration Debug for project pmod_da2_sinusoidal ****
make pre-build main-build 
a9-linaro-pre-build-step
' '
make: Nothing to be done for 'main-build'.
20:54:27 **** Build of project pmod_da2_sinusoidal_bsp ****
make -k all 
"Running Make include in ps7_cortexa9_0/libsrc/coresightps_dcc_v1_5/src"
make -C ps7_cortexa9_0/libsrc/coresightps_dcc_v1_5/src -s include  "SHELL=CMD" "COMPILER=arm-none-eabi-gcc" "ARCHIVER=arm-none-eabi-ar" "COMPILER_FLAGS=  -O2 -c" "EXTRA_COMPILER_FLAGS=-mcpu=cortex-a9 -mfpu=vfpv3 -mfloat-abi=hard -nostartfiles -g -Wall -Wextra"
"Running Make include in ps7_cortexa9_0/libsrc/cpu_cortexa9_v2_7/src"
make -C ps7_cortexa9_0/libsrc/cpu_cortexa9_v2_7/src -s include  "SHELL=CMD" "COMPILER=arm-none-eabi-gcc" "ARCHIVER=arm-none-eabi-ar" "COMPILER_FLAGS=  -O2 -c" "EXTRA_COMPILER_FLAGS=-mcpu=cortex-a9 -mfpu=vfpv3 -mfloat-abi=hard -nostartfiles -g -Wall -Wextra"
"Running Make include in ps7_cortexa9_0/libsrc/DA2Pmod_v1_0/src"
make -C ps7_cortexa9_0/libsrc/DA2Pmod_v1_0/src -s include  "SHELL=CMD" "COMPILER=arm-none-eabi-gcc" "ARCHIVER=arm-none-eabi-ar" "COMPILER_FLAGS=  -O2 -c" "EXTRA_COMPILER_FLAGS=-mcpu=cortex-a9 -mfpu=vfpv3 -mfloat-abi=hard -nostartfiles -g -Wall -Wextra"
"Running Make include in ps7_cortexa9_0/libsrc/ddrps_v1_0/src"
make -C ps7_cortexa9_0/libsrc/ddrps_v1_0/src -s include  "SHELL=CMD" "COMPILER=arm-none-eabi-gcc" "ARCHIVER=arm-none-eabi-ar" "COMPILER_FLAGS=  -O2 -c" "EXTRA_COMPILER_FLAGS=-mcpu=cortex-a9 -mfpu=vfpv3 -mfloat-abi=hard -nostartfiles -g -Wall -Wextra"
"Running Make include in ps7_cortexa9_0/libsrc/devcfg_v3_5/src"
make -C ps7_cortexa9_0/libsrc/devcfg_v3_5/src -s include  "SHELL=CMD" "COMPILER=arm-none-eabi-gcc" "ARCHIVER=arm-none-eabi-ar" "COMPILER_FLAGS=  -O2 -c" "EXTRA_COMPILER_FLAGS=-mcpu=cortex-a9 -mfpu=vfpv3 -mfloat-abi=hard -nostartfiles -g -Wall -Wextra"
"Running Make include in ps7_cortexa9_0/libsrc/dmaps_v2_4/src"
make -C ps7_cortexa9_0/libsrc/dmaps_v2_4/src -s include  "SHELL=CMD" "COMPILER=arm-none-eabi-gcc" "ARCHIVER=arm-none-eabi-ar" "COMPILER_FLAGS=  -O2 -c" "EXTRA_COMPILER_FLAGS=-mcpu=cortex-a9 -mfpu=vfpv3 -mfloat-abi=hard -nostartfiles -g -Wall -Wextra"
"Running Make include in ps7_cortexa9_0/libsrc/emacps_v3_9/src"
make -C ps7_cortexa9_0/libsrc/emacps_v3_9/src -s include  "SHELL=CMD" "COMPILER=arm-none-eabi-gcc" "ARCHIVER=arm-none-eabi-ar" "COMPILER_FLAGS=  -O2 -c" "EXTRA_COMPILER_FLAGS=-mcpu=cortex-a9 -mfpu=vfpv3 -mfloat-abi=hard -nostartfiles -g -Wall -Wextra"
"Running Make include in ps7_cortexa9_0/libsrc/gpiops_v3_5/src"
make -C ps7_cortexa9_0/libsrc/gpiops_v3_5/src -s include  "SHELL=CMD" "COMPILER=arm-none-eabi-gcc" "ARCHIVER=arm-none-eabi-ar" "COMPILER_FLAGS=  -O2 -c" "EXTRA_COMPILER_FLAGS=-mcpu=cortex-a9 -mfpu=vfpv3 -mfloat-abi=hard -nostartfiles -g -Wall -Wextra"
"Running Make include in ps7_cortexa9_0/libsrc/gpio_v4_4/src"
make -C ps7_cortexa9_0/libsrc/gpio_v4_4/src -s include  "SHELL=CMD" "COMPILER=arm-none-eabi-gcc" "ARCHIVER=arm-none-eabi-ar" "COMPILER_FLAGS=  -O2 -c" "EXTRA_COMPILER_FLAGS=-mcpu=cortex-a9 -mfpu=vfpv3 -mfloat-abi=hard -nostartfiles -g -Wall -Wextra"
"Running Make include in ps7_cortexa9_0/libsrc/qspips_v3_6/src"
make -C ps7_cortexa9_0/libsrc/qspips_v3_6/src -s include  "SHELL=CMD" "COMPILER=arm-none-eabi-gcc" "ARCHIVER=arm-none-eabi-ar" "COMPILER_FLAGS=  -O2 -c" "EXTRA_COMPILER_FLAGS=-mcpu=cortex-a9 -mfpu=vfpv3 -mfloat-abi=hard -nostartfiles -g -Wall -Wextra"
"Running Make include in ps7_cortexa9_0/libsrc/scugic_v4_0/src"
make -C ps7_cortexa9_0/libsrc/scugic_v4_0/src -s include  "SHELL=CMD" "COMPILER=arm-none-eabi-gcc" "ARCHIVER=arm-none-eabi-ar" "COMPILER_FLAGS=  -O2 -c" "EXTRA_COMPILER_FLAGS=-mcpu=cortex-a9 -mfpu=vfpv3 -mfloat-abi=hard -nostartfiles -g -Wall -Wextra"
"Running Make include in ps7_cortexa9_0/libsrc/scutimer_v2_1/src"
make -C ps7_cortexa9_0/libsrc/scutimer_v2_1/src -s include  "SHELL=CMD" "COMPILER=arm-none-eabi-gcc" "ARCHIVER=arm-none-eabi-ar" "COMPILER_FLAGS=  -O2 -c" "EXTRA_COMPILER_FLAGS=-mcpu=cortex-a9 -mfpu=vfpv3 -mfloat-abi=hard -nostartfiles -g -Wall -Wextra"
"Running Make include in ps7_cortexa9_0/libsrc/scuwdt_v2_1/src"
make -C ps7_cortexa9_0/libsrc/scuwdt_v2_1/src -s include  "SHELL=CMD" "COMPILER=arm-none-eabi-gcc" "ARCHIVER=arm-none-eabi-ar" "COMPILER_FLAGS=  -O2 -c" "EXTRA_COMPILER_FLAGS=-mcpu=cortex-a9 -mfpu=vfpv3 -mfloat-abi=hard -nostartfiles -g -Wall -Wextra"
"Running Make include in ps7_cortexa9_0/libsrc/sdps_v3_7/src"
make -C ps7_cortexa9_0/libsrc/sdps_v3_7/src -s include  "SHELL=CMD" "COMPILER=arm-none-eabi-gcc" "ARCHIVER=arm-none-eabi-ar" "COMPILER_FLAGS=  -O2 -c" "EXTRA_COMPILER_FLAGS=-mcpu=cortex-a9 -mfpu=vfpv3 -mfloat-abi=hard -nostartfiles -g -Wall -Wextra"
"Running Make include in ps7_cortexa9_0/libsrc/standalone_v7_0/src"
make -C ps7_cortexa9_0/libsrc/standalone_v7_0/src -s include  "SHELL=CMD" "COMPILER=arm-none-eabi-gcc" "ARCHIVER=arm-none-eabi-ar" "COMPILER_FLAGS=  -O2 -c" "EXTRA_COMPILER_FLAGS=-mcpu=cortex-a9 -mfpu=vfpv3 -mfloat-abi=hard -nostartfiles -g -Wall -Wextra"
"Running Make include in ps7_cortexa9_0/libsrc/ttcps_v3_9/src"
make -C ps7_cortexa9_0/libsrc/ttcps_v3_9/src -s include  "SHELL=CMD" "COMPILER=arm-none-eabi-gcc" "ARCHIVER=arm-none-eabi-ar" "COMPILER_FLAGS=  -O2 -c" "EXTRA_COMPILER_FLAGS=-mcpu=cortex-a9 -mfpu=vfpv3 -mfloat-abi=hard -nostartfiles -g -Wall -Wextra"
"Running Make include in ps7_cortexa9_0/libsrc/uartps_v3_7/src"
make -C ps7_cortexa9_0/libsrc/uartps_v3_7/src -s include  "SHELL=CMD" "COMPILER=arm-none-eabi-gcc" "ARCHIVER=arm-none-eabi-ar" "COMPILER_FLAGS=  -O2 -c" "EXTRA_COMPILER_FLAGS=-mcpu=cortex-a9 -mfpu=vfpv3 -mfloat-abi=hard -nostartfiles -g -Wall -Wextra"
"Running Make include in ps7_cortexa9_0/libsrc/usbps_v2_4/src"
make -C ps7_cortexa9_0/libsrc/usbps_v2_4/src -s include  "SHELL=CMD" "COMPILER=arm-none-eabi-gcc" "ARCHIVER=arm-none-eabi-ar" "COMPILER_FLAGS=  -O2 -c" "EXTRA_COMPILER_FLAGS=-mcpu=cortex-a9 -mfpu=vfpv3 -mfloat-abi=hard -nostartfiles -g -Wall -Wextra"
"Running Make include in ps7_cortexa9_0/libsrc/xadcps_v2_3/src"
make -C ps7_cortexa9_0/libsrc/xadcps_v2_3/src -s include  "SHELL=CMD" "COMPILER=arm-none-eabi-gcc" "ARCHIVER=arm-none-eabi-ar" "COMPILER_FLAGS=  -O2 -c" "EXTRA_COMPILER_FLAGS=-mcpu=cortex-a9 -mfpu=vfpv3 -mfloat-abi=hard -nostartfiles -g -Wall -Wextra"
"Running Make libs in ps7_cortexa9_0/libsrc/coresightps_dcc_v1_5/src"
make -C ps7_cortexa9_0/libsrc/coresightps_dcc_v1_5/src -s libs  "SHELL=CMD" "COMPILER=arm-none-eabi-gcc" "ARCHIVER=arm-none-eabi-ar" "COMPILER_FLAGS=  -O2 -c" "EXTRA_COMPILER_FLAGS=-mcpu=cortex-a9 -mfpu=vfpv3 -mfloat-abi=hard -nostartfiles -g -Wall -Wextra"
"Compiling coresightps_dcc"
arm-none-eabi-ar: creating ../../../lib/libxil.a
"Running Make libs in ps7_cortexa9_0/libsrc/cpu_cortexa9_v2_7/src"
make -C ps7_cortexa9_0/libsrc/cpu_cortexa9_v2_7/src -s libs  "SHELL=CMD" "COMPILER=arm-none-eabi-gcc" "ARCHIVER=arm-none-eabi-ar" "COMPILER_FLAGS=  -O2 -c" "EXTRA_COMPILER_FLAGS=-mcpu=cortex-a9 -mfpu=vfpv3 -mfloat-abi=hard -nostartfiles -g -Wall -Wextra"
"Compiling cpu_cortexa9"
"Running Make libs in ps7_cortexa9_0/libsrc/DA2Pmod_v1_0/src"
make -C ps7_cortexa9_0/libsrc/DA2Pmod_v1_0/src -s libs  "SHELL=CMD" "COMPILER=arm-none-eabi-gcc" "ARCHIVER=arm-none-eabi-ar" "COMPILER_FLAGS=  -O2 -c" "EXTRA_COMPILER_FLAGS=-mcpu=cortex-a9 -mfpu=vfpv3 -mfloat-abi=hard -nostartfiles -g -Wall -Wextra"
"Compiling DA2Pmod..."
DA2Pmod_selftest.c: In function 'DA2PMOD_Reg_SelfTest':
DA2Pmod_selftest.c:52:56: warning: comparison of integer expressions of different signedness: 'u32' {aka 'long unsigned int'} and 'int' [-Wsign-compare]
    if ( DA2PMOD_mReadReg (baseaddr, read_loop_index*4) != (read_loop_index+1)*READ_WRITE_MUL_FACTOR){
                                                        ^~
DA2Pmod_selftest.c:36:6: warning: unused variable 'Index' [-Wunused-variable]
  int Index;
      ^~~~~
"Running Make libs in ps7_cortexa9_0/libsrc/ddrps_v1_0/src"
make -C ps7_cortexa9_0/libsrc/ddrps_v1_0/src -s libs  "SHELL=CMD" "COMPILER=arm-none-eabi-gcc" "ARCHIVER=arm-none-eabi-ar" "COMPILER_FLAGS=  -O2 -c" "EXTRA_COMPILER_FLAGS=-mcpu=cortex-a9 -mfpu=vfpv3 -mfloat-abi=hard -nostartfiles -g -Wall -Wextra"
"Compiling ddrps"
"Running Make libs in ps7_cortexa9_0/libsrc/devcfg_v3_5/src"
make -C ps7_cortexa9_0/libsrc/devcfg_v3_5/src -s libs  "SHELL=CMD" "COMPILER=arm-none-eabi-gcc" "ARCHIVER=arm-none-eabi-ar" "COMPILER_FLAGS=  -O2 -c" "EXTRA_COMPILER_FLAGS=-mcpu=cortex-a9 -mfpu=vfpv3 -mfloat-abi=hard -nostartfiles -g -Wall -Wextra"
"Compiling devcfg"
"Running Make libs in ps7_cortexa9_0/libsrc/dmaps_v2_4/src"
make -C ps7_cortexa9_0/libsrc/dmaps_v2_4/src -s libs  "SHELL=CMD" "COMPILER=arm-none-eabi-gcc" "ARCHIVER=arm-none-eabi-ar" "COMPILER_FLAGS=  -O2 -c" "EXTRA_COMPILER_FLAGS=-mcpu=cortex-a9 -mfpu=vfpv3 -mfloat-abi=hard -nostartfiles -g -Wall -Wextra"
"Compiling dmaps"
"Running Make libs in ps7_cortexa9_0/libsrc/emacps_v3_9/src"
make -C ps7_cortexa9_0/libsrc/emacps_v3_9/src -s libs  "SHELL=CMD" "COMPILER=arm-none-eabi-gcc" "ARCHIVER=arm-none-eabi-ar" "COMPILER_FLAGS=  -O2 -c" "EXTRA_COMPILER_FLAGS=-mcpu=cortex-a9 -mfpu=vfpv3 -mfloat-abi=hard -nostartfiles -g -Wall -Wextra"
"Compiling emacps"
"Running Make libs in ps7_cortexa9_0/libsrc/gpiops_v3_5/src"
make -C ps7_cortexa9_0/libsrc/gpiops_v3_5/src -s libs  "SHELL=CMD" "COMPILER=arm-none-eabi-gcc" "ARCHIVER=arm-none-eabi-ar" "COMPILER_FLAGS=  -O2 -c" "EXTRA_COMPILER_FLAGS=-mcpu=cortex-a9 -mfpu=vfpv3 -mfloat-abi=hard -nostartfiles -g -Wall -Wextra"
"Compiling gpiops"
"Running Make libs in ps7_cortexa9_0/libsrc/gpio_v4_4/src"
make -C ps7_cortexa9_0/libsrc/gpio_v4_4/src -s libs  "SHELL=CMD" "COMPILER=arm-none-eabi-gcc" "ARCHIVER=arm-none-eabi-ar" "COMPILER_FLAGS=  -O2 -c" "EXTRA_COMPILER_FLAGS=-mcpu=cortex-a9 -mfpu=vfpv3 -mfloat-abi=hard -nostartfiles -g -Wall -Wextra"
"Compiling gpio"
"Running Make libs in ps7_cortexa9_0/libsrc/qspips_v3_6/src"
make -C ps7_cortexa9_0/libsrc/qspips_v3_6/src -s libs  "SHELL=CMD" "COMPILER=arm-none-eabi-gcc" "ARCHIVER=arm-none-eabi-ar" "COMPILER_FLAGS=  -O2 -c" "EXTRA_COMPILER_FLAGS=-mcpu=cortex-a9 -mfpu=vfpv3 -mfloat-abi=hard -nostartfiles -g -Wall -Wextra"
"Compiling qspips"
"Running Make libs in ps7_cortexa9_0/libsrc/scugic_v4_0/src"
make -C ps7_cortexa9_0/libsrc/scugic_v4_0/src -s libs  "SHELL=CMD" "COMPILER=arm-none-eabi-gcc" "ARCHIVER=arm-none-eabi-ar" "COMPILER_FLAGS=  -O2 -c" "EXTRA_COMPILER_FLAGS=-mcpu=cortex-a9 -mfpu=vfpv3 -mfloat-abi=hard -nostartfiles -g -Wall -Wextra"
"Compiling scugic"
"Running Make libs in ps7_cortexa9_0/libsrc/scutimer_v2_1/src"
make -C ps7_cortexa9_0/libsrc/scutimer_v2_1/src -s libs  "SHELL=CMD" "COMPILER=arm-none-eabi-gcc" "ARCHIVER=arm-none-eabi-ar" "COMPILER_FLAGS=  -O2 -c" "EXTRA_COMPILER_FLAGS=-mcpu=cortex-a9 -mfpu=vfpv3 -mfloat-abi=hard -nostartfiles -g -Wall -Wextra"
"Compiling scutimer"
"Running Make libs in ps7_cortexa9_0/libsrc/scuwdt_v2_1/src"
make -C ps7_cortexa9_0/libsrc/scuwdt_v2_1/src -s libs  "SHELL=CMD" "COMPILER=arm-none-eabi-gcc" "ARCHIVER=arm-none-eabi-ar" "COMPILER_FLAGS=  -O2 -c" "EXTRA_COMPILER_FLAGS=-mcpu=cortex-a9 -mfpu=vfpv3 -mfloat-abi=hard -nostartfiles -g -Wall -Wextra"
"Compiling scuwdt"
"Running Make libs in ps7_cortexa9_0/libsrc/sdps_v3_7/src"
make -C ps7_cortexa9_0/libsrc/sdps_v3_7/src -s libs  "SHELL=CMD" "COMPILER=arm-none-eabi-gcc" "ARCHIVER=arm-none-eabi-ar" "COMPILER_FLAGS=  -O2 -c" "EXTRA_COMPILER_FLAGS=-mcpu=cortex-a9 -mfpu=vfpv3 -mfloat-abi=hard -nostartfiles -g -Wall -Wextra"
"Compiling sdps"
"Running Make libs in ps7_cortexa9_0/libsrc/standalone_v7_0/src"
make -C ps7_cortexa9_0/libsrc/standalone_v7_0/src -s libs  "SHELL=CMD" "COMPILER=arm-none-eabi-gcc" "ARCHIVER=arm-none-eabi-ar" "COMPILER_FLAGS=  -O2 -c" "EXTRA_COMPILER_FLAGS=-mcpu=cortex-a9 -mfpu=vfpv3 -mfloat-abi=hard -nostartfiles -g -Wall -Wextra"
"Compiling standalone"
In file included from usleep.c:56:
xtime_l.h:87:9: note: #pragma message: For the sleep routines, Global timer is being used
 #pragma message ("For the sleep routines, Global timer is being used")
         ^~~~~~~
In file included from xil_sleeptimer.c:51:
xtime_l.h:87:9: note: #pragma message: For the sleep routines, Global timer is being used
 #pragma message ("For the sleep routines, Global timer is being used")
         ^~~~~~~
In file included from xtime_l.c:49:
xtime_l.h:87:9: note: #pragma message: For the sleep routines, Global timer is being used
 #pragma message ("For the sleep routines, Global timer is being used")
         ^~~~~~~
In file included from sleep.c:53:
xtime_l.h:87:9: note: #pragma message: For the sleep routines, Global timer is being used
 #pragma message ("For the sleep routines, Global timer is being used")
         ^~~~~~~
"Running Make libs in ps7_cortexa9_0/libsrc/ttcps_v3_9/src"
make -C ps7_cortexa9_0/libsrc/ttcps_v3_9/src -s libs  "SHELL=CMD" "COMPILER=arm-none-eabi-gcc" "ARCHIVER=arm-none-eabi-ar" "COMPILER_FLAGS=  -O2 -c" "EXTRA_COMPILER_FLAGS=-mcpu=cortex-a9 -mfpu=vfpv3 -mfloat-abi=hard -nostartfiles -g -Wall -Wextra"
"Compiling ttcps"
"Running Make libs in ps7_cortexa9_0/libsrc/uartps_v3_7/src"
make -C ps7_cortexa9_0/libsrc/uartps_v3_7/src -s libs  "SHELL=CMD" "COMPILER=arm-none-eabi-gcc" "ARCHIVER=arm-none-eabi-ar" "COMPILER_FLAGS=  -O2 -c" "EXTRA_COMPILER_FLAGS=-mcpu=cortex-a9 -mfpu=vfpv3 -mfloat-abi=hard -nostartfiles -g -Wall -Wextra"
"Compiling uartps"
"Running Make libs in ps7_cortexa9_0/libsrc/usbps_v2_4/src"
make -C ps7_cortexa9_0/libsrc/usbps_v2_4/src -s libs  "SHELL=CMD" "COMPILER=arm-none-eabi-gcc" "ARCHIVER=arm-none-eabi-ar" "COMPILER_FLAGS=  -O2 -c" "EXTRA_COMPILER_FLAGS=-mcpu=cortex-a9 -mfpu=vfpv3 -mfloat-abi=hard -nostartfiles -g -Wall -Wextra"
"Compiling usbps"
"Running Make libs in ps7_cortexa9_0/libsrc/xadcps_v2_3/src"
make -C ps7_cortexa9_0/libsrc/xadcps_v2_3/src -s libs  "SHELL=CMD" "COMPILER=arm-none-eabi-gcc" "ARCHIVER=arm-none-eabi-ar" "COMPILER_FLAGS=  -O2 -c" "EXTRA_COMPILER_FLAGS=-mcpu=cortex-a9 -mfpu=vfpv3 -mfloat-abi=hard -nostartfiles -g -Wall -Wextra"
"Compiling xadcps"
'Finished building libraries'
20:55:13 **** Build of configuration Debug for project pmod_da2_sinusoidal ****
make pre-build main-build 
a9-linaro-pre-build-step
' '
'Building file: ../src/helloworld.c'
'Invoking: ARM v7 gcc compiler'
arm-none-eabi-gcc -Wall -O0 -g3 -c -fmessage-length=0 -MT"src/helloworld.o" -mcpu=cortex-a9 -mfpu=vfpv3 -mfloat-abi=hard -I../../pmod_da2_sinusoidal_bsp/ps7_cortexa9_0/include -MMD -MP -MF"src/helloworld.d" -MT"src/helloworld.o" -o "src/helloworld.o" "../src/helloworld.c"
'Finished building: ../src/helloworld.c'
' '
'Building file: ../src/platform.c'
'Invoking: ARM v7 gcc compiler'
arm-none-eabi-gcc -Wall -O0 -g3 -c -fmessage-length=0 -MT"src/platform.o" -mcpu=cortex-a9 -mfpu=vfpv3 -mfloat-abi=hard -I../../pmod_da2_sinusoidal_bsp/ps7_cortexa9_0/include -MMD -MP -MF"src/platform.d" -MT"src/platform.o" -o "src/platform.o" "../src/platform.c"
'Finished building: ../src/platform.c'
' '
'Building target: pmod_da2_sinusoidal.elf'
'Invoking: ARM v7 gcc linker'
arm-none-eabi-gcc -mcpu=cortex-a9 -mfpu=vfpv3 -mfloat-abi=hard -Wl,-build-id=none -specs=Xilinx.spec -Wl,-T -Wl,../src/lscript.ld -L../../pmod_da2_sinusoidal_bsp/ps7_cortexa9_0/lib -o "pmod_da2_sinusoidal.elf"  ./src/helloworld.o ./src/platform.o   -Wl,--start-group,-lxil,-lgcc,-lc,--end-group
'Finished building target: pmod_da2_sinusoidal.elf'
' '
'Invoking: ARM v7 Print Size'
arm-none-eabi-size pmod_da2_sinusoidal.elf  |tee "pmod_da2_sinusoidal.elf.size"
   text	   data	    bss	    dec	    hex	filename
  19064	   1144	  22568	  42776	   a718	pmod_da2_sinusoidal.elf
'Finished building: pmod_da2_sinusoidal.elf.size'
' '
20:55:16 **** Auto Build of configuration Debug for project pmod_da2_sinusoidal ****
make pre-build main-build 
a9-linaro-pre-build-step
' '
make: Nothing to be done for 'main-build'.
00:27:24 **** Auto Build of configuration Debug for project pmod_da2_sinusoidal ****
make pre-build main-build 
a9-linaro-pre-build-step
' '
'Building file: ../src/PmodDA2Test.c'
'Invoking: ARM v7 gcc compiler'
arm-none-eabi-gcc -Wall -O0 -g3 -c -fmessage-length=0 -MT"src/PmodDA2Test.o" -mcpu=cortex-a9 -mfpu=vfpv3 -mfloat-abi=hard -I../../pmod_da2_sinusoidal_bsp/ps7_cortexa9_0/include -MMD -MP -MF"src/PmodDA2Test.d" -MT"src/PmodDA2Test.o" -o "src/PmodDA2Test.o" "../src/PmodDA2Test.c"
'Finished building: ../src/PmodDA2Test.c'
' '
'Building target: pmod_da2_sinusoidal.elf'
'Invoking: ARM v7 gcc linker'
arm-none-eabi-gcc -mcpu=cortex-a9 -mfpu=vfpv3 -mfloat-abi=hard -Wl,-build-id=none -specs=Xilinx.spec -Wl,-T -Wl,../src/lscript.ld -L../../pmod_da2_sinusoidal_bsp/ps7_cortexa9_0/lib -o "pmod_da2_sinusoidal.elf"  ./src/PmodDA2Test.o ./src/helloworld.o ./src/platform.o   -Wl,--start-group,-lxil,-lgcc,-lc,--end-group
c:/xilinx/sdk/2019.1/gnu/aarch32/nt/gcc-arm-none-eabi/bin/../lib/gcc/arm-none-eabi/8.2.0/../../../../arm-none-eabi/bin/ld.exe: ./src/helloworld.o: in function `main':
C:\Zynq_Book\lab_06_01\lab_06_01.sdk\pmod_da2_sinusoidal\Debug/../src/helloworld.c:54: multiple definition of `main'; ./src/PmodDA2Test.o:C:\Zynq_Book\lab_06_01\lab_06_01.sdk\pmod_da2_sinusoidal\Debug/../src/PmodDA2Test.c:16: first defined here
collect2.exe: error: ld returned 1 exit status
make: *** [makefile:41: pmod_da2_sinusoidal.elf] Error 1
00:27:51 **** Clean-only build of configuration Debug for project pmod_da2_sinusoidal ****
make clean 
rm -rf  ./src/PmodDA2Test.o ./src/helloworld.o ./src/platform.o  ./src/PmodDA2Test.d ./src/helloworld.d ./src/platform.d  pmod_da2_sinusoidal.elf.size  pmod_da2_sinusoidal.elf
' '
00:27:52 **** Auto Build of configuration Debug for project pmod_da2_sinusoidal ****
make pre-build main-build 
a9-linaro-pre-build-step
' '
'Building file: ../src/helloworld.c'
'Invoking: ARM v7 gcc compiler'
arm-none-eabi-gcc -Wall -O0 -g3 -c -fmessage-length=0 -MT"src/helloworld.o" -mcpu=cortex-a9 -mfpu=vfpv3 -mfloat-abi=hard -I../../pmod_da2_sinusoidal_bsp/ps7_cortexa9_0/include -MMD -MP -MF"src/helloworld.d" -MT"src/helloworld.o" -o "src/helloworld.o" "../src/helloworld.c"
'Finished building: ../src/helloworld.c'
' '
'Building file: ../src/platform.c'
'Invoking: ARM v7 gcc compiler'
arm-none-eabi-gcc -Wall -O0 -g3 -c -fmessage-length=0 -MT"src/platform.o" -mcpu=cortex-a9 -mfpu=vfpv3 -mfloat-abi=hard -I../../pmod_da2_sinusoidal_bsp/ps7_cortexa9_0/include -MMD -MP -MF"src/platform.d" -MT"src/platform.o" -o "src/platform.o" "../src/platform.c"
'Finished building: ../src/platform.c'
' '
'Building target: pmod_da2_sinusoidal.elf'
'Invoking: ARM v7 gcc linker'
arm-none-eabi-gcc -mcpu=cortex-a9 -mfpu=vfpv3 -mfloat-abi=hard -Wl,-build-id=none -specs=Xilinx.spec -Wl,-T -Wl,../src/lscript.ld -L../../pmod_da2_sinusoidal_bsp/ps7_cortexa9_0/lib -o "pmod_da2_sinusoidal.elf"  ./src/helloworld.o ./src/platform.o   -Wl,--start-group,-lxil,-lgcc,-lc,--end-group
'Finished building target: pmod_da2_sinusoidal.elf'
' '
'Invoking: ARM v7 Print Size'
arm-none-eabi-size pmod_da2_sinusoidal.elf  |tee "pmod_da2_sinusoidal.elf.size"
   text	   data	    bss	    dec	    hex	filename
  19064	   1144	  22568	  42776	   a718	pmod_da2_sinusoidal.elf
'Finished building: pmod_da2_sinusoidal.elf.size'
' '

**** Build of configuration Debug for project pmod_da2_test ****

Nothing to build for project pmod_da2_test
00:41:23 **** Auto Build of configuration Debug for project pmod_da2_test ****
make pre-build main-build 
a9-linaro-pre-build-step
' '
'Building file: ../src/PmodDA2Test.c'
'Invoking: ARM v7 gcc compiler'
arm-none-eabi-gcc -Wall -O0 -g3 -c -fmessage-length=0 -MT"src/PmodDA2Test.o" -mcpu=cortex-a9 -mfpu=vfpv3 -mfloat-abi=hard -I../../pmod_da2_sinusoidal_bsp/ps7_cortexa9_0/include -MMD -MP -MF"src/PmodDA2Test.d" -MT"src/PmodDA2Test.o" -o "src/PmodDA2Test.o" "../src/PmodDA2Test.c"
'Finished building: ../src/PmodDA2Test.c'
' '
'Building target: pmod_da2_test.elf'
'Invoking: ARM v7 gcc linker'
arm-none-eabi-gcc -mcpu=cortex-a9 -mfpu=vfpv3 -mfloat-abi=hard -Wl,-build-id=none -specs=Xilinx.spec -Wl,-T -Wl,../src/lscript.ld -L../../pmod_da2_sinusoidal_bsp/ps7_cortexa9_0/lib -o "pmod_da2_test.elf"  ./src/PmodDA2Test.o   -Wl,--start-group,-lxil,-lgcc,-lc,--end-group
'Finished building target: pmod_da2_test.elf'
' '
'Invoking: ARM v7 Print Size'
arm-none-eabi-size pmod_da2_test.elf  |tee "pmod_da2_test.elf.size"
   text	   data	    bss	    dec	    hex	filename
  29648	   1544	  23256	  54448	   d4b0	pmod_da2_test.elf
'Finished building: pmod_da2_test.elf.size'
' '
01:09:20 **** Clean-only build of configuration Debug for project pmod_da2_sinusoidal ****
make clean 
rm -rf  ./src/helloworld.o ./src/platform.o  ./src/helloworld.d ./src/platform.d  pmod_da2_sinusoidal.elf.size  pmod_da2_sinusoidal.elf
' '
01:09:21 **** Auto Build of configuration Debug for project pmod_da2_sinusoidal ****
make pre-build main-build 
a9-linaro-pre-build-step
' '
'Building file: ../src/helloworld.c'
'Invoking: ARM v7 gcc compiler'
arm-none-eabi-gcc -Wall -O0 -g3 -c -fmessage-length=0 -MT"src/helloworld.o" -mcpu=cortex-a9 -mfpu=vfpv3 -mfloat-abi=hard -I../../pmod_da2_sinusoidal_bsp/ps7_cortexa9_0/include -MMD -MP -MF"src/helloworld.d" -MT"src/helloworld.o" -o "src/helloworld.o" "../src/helloworld.c"
'Finished building: ../src/helloworld.c'
' '
'Building file: ../src/platform.c'
'Invoking: ARM v7 gcc compiler'
arm-none-eabi-gcc -Wall -O0 -g3 -c -fmessage-length=0 -MT"src/platform.o" -mcpu=cortex-a9 -mfpu=vfpv3 -mfloat-abi=hard -I../../pmod_da2_sinusoidal_bsp/ps7_cortexa9_0/include -MMD -MP -MF"src/platform.d" -MT"src/platform.o" -o "src/platform.o" "../src/platform.c"
'Finished building: ../src/platform.c'
' '
'Building target: pmod_da2_sinusoidal.elf'
'Invoking: ARM v7 gcc linker'
arm-none-eabi-gcc -mcpu=cortex-a9 -mfpu=vfpv3 -mfloat-abi=hard -Wl,-build-id=none -specs=Xilinx.spec -Wl,-T -Wl,../src/lscript.ld -L../../pmod_da2_sinusoidal_bsp/ps7_cortexa9_0/lib -o "pmod_da2_sinusoidal.elf"  ./src/helloworld.o ./src/platform.o   -lm -Wl,--start-group,-lxil,-lgcc,-lc,--end-group
'Finished building target: pmod_da2_sinusoidal.elf'
' '
'Invoking: ARM v7 Print Size'
arm-none-eabi-size pmod_da2_sinusoidal.elf  |tee "pmod_da2_sinusoidal.elf.size"
   text	   data	    bss	    dec	    hex	filename
  19064	   1144	  22568	  42776	   a718	pmod_da2_sinusoidal.elf
'Finished building: pmod_da2_sinusoidal.elf.size'
' '
01:09:33 **** Auto Build of configuration Debug for project pmod_da2_sinusoidal ****
make pre-build main-build 
a9-linaro-pre-build-step
' '
'Building file: ../src/helloworld.c'
'Invoking: ARM v7 gcc compiler'
arm-none-eabi-gcc -Wall -O0 -g3 -c -fmessage-length=0 -MT"src/helloworld.o" -mcpu=cortex-a9 -mfpu=vfpv3 -mfloat-abi=hard -I../../pmod_da2_sinusoidal_bsp/ps7_cortexa9_0/include -MMD -MP -MF"src/helloworld.d" -MT"src/helloworld.o" -o "src/helloworld.o" "../src/helloworld.c"
'Finished building: ../src/helloworld.c'
' '
'Building target: pmod_da2_sinusoidal.elf'
'Invoking: ARM v7 gcc linker'
arm-none-eabi-gcc -mcpu=cortex-a9 -mfpu=vfpv3 -mfloat-abi=hard -Wl,-build-id=none -specs=Xilinx.spec -Wl,-T -Wl,../src/lscript.ld -L../../pmod_da2_sinusoidal_bsp/ps7_cortexa9_0/lib -o "pmod_da2_sinusoidal.elf"  ./src/helloworld.o ./src/platform.o   -lm -Wl,--start-group,-lxil,-lgcc,-lc,--end-group
'Finished building target: pmod_da2_sinusoidal.elf'
' '
'Invoking: ARM v7 Print Size'
arm-none-eabi-size pmod_da2_sinusoidal.elf  |tee "pmod_da2_sinusoidal.elf.size"
   text	   data	    bss	    dec	    hex	filename
  19064	   1144	  22568	  42776	   a718	pmod_da2_sinusoidal.elf
'Finished building: pmod_da2_sinusoidal.elf.size'
' '
02:23:49 **** Auto Build of configuration Debug for project pmod_da2_sinusoidal ****
make pre-build main-build 
a9-linaro-pre-build-step
' '
'Building file: ../src/helloworld.c'
'Invoking: ARM v7 gcc compiler'
arm-none-eabi-gcc -Wall -O0 -g3 -c -fmessage-length=0 -MT"src/helloworld.o" -mcpu=cortex-a9 -mfpu=vfpv3 -mfloat-abi=hard -I../../pmod_da2_sinusoidal_bsp/ps7_cortexa9_0/include -MMD -MP -MF"src/helloworld.d" -MT"src/helloworld.o" -o "src/helloworld.o" "../src/helloworld.c"
'Finished building: ../src/helloworld.c'
' '
'Building target: pmod_da2_sinusoidal.elf'
'Invoking: ARM v7 gcc linker'
arm-none-eabi-gcc -mcpu=cortex-a9 -mfpu=vfpv3 -mfloat-abi=hard -Wl,-build-id=none -specs=Xilinx.spec -Wl,-T -Wl,../src/lscript.ld -L../../pmod_da2_sinusoidal_bsp/ps7_cortexa9_0/lib -o "pmod_da2_sinusoidal.elf"  ./src/helloworld.o ./src/platform.o   -lm -Wl,--start-group,-lxil,-lgcc,-lc,--end-group
'Finished building target: pmod_da2_sinusoidal.elf'
' '
'Invoking: ARM v7 Print Size'
arm-none-eabi-size pmod_da2_sinusoidal.elf  |tee "pmod_da2_sinusoidal.elf.size"
   text	   data	    bss	    dec	    hex	filename
  19064	   1144	  22568	  42776	   a718	pmod_da2_sinusoidal.elf
'Finished building: pmod_da2_sinusoidal.elf.size'
' '
03:01:04 **** Auto Build of configuration Debug for project pmod_da2_sinusoidal ****
make pre-build main-build 
a9-linaro-pre-build-step
' '
'Building file: ../src/helloworld.c'
'Invoking: ARM v7 gcc compiler'
arm-none-eabi-gcc -Wall -O0 -g3 -c -fmessage-length=0 -MT"src/helloworld.o" -mcpu=cortex-a9 -mfpu=vfpv3 -mfloat-abi=hard -I../../pmod_da2_sinusoidal_bsp/ps7_cortexa9_0/include -MMD -MP -MF"src/helloworld.d" -MT"src/helloworld.o" -o "src/helloworld.o" "../src/helloworld.c"
../src/helloworld.c: In function 'main':
../src/helloworld.c:79:2: error: unknown type name 'xil_'
  xil_
  ^~~~
../src/helloworld.c:81:2: error: conflicting types for 'init_platform'
  init_platform();
  ^~~~~~~~~~~~~
In file included from ../src/helloworld.c:55:
../src/platform.h:38:6: note: previous declaration of 'init_platform' was here
 void init_platform();
      ^~~~~~~~~~~~~
../src/helloworld.c:77:6: warning: unused variable 'max_amp' [-Wunused-variable]
  int max_amp = max_p1_sin >> 1; /* the max amplitude and DC offset */
      ^~~~~~~
../src/helloworld.c:74:6: warning: unused variable 'status' [-Wunused-variable]
  int status; /* of the GPIO */
      ^~~~~~
make: *** [src/subdir.mk:26: src/helloworld.o] Error 1
03:01:13 **** Auto Build of configuration Debug for project pmod_da2_sinusoidal ****
make pre-build main-build 
a9-linaro-pre-build-step
' '
'Building file: ../src/helloworld.c'
'Invoking: ARM v7 gcc compiler'
arm-none-eabi-gcc -Wall -O0 -g3 -c -fmessage-length=0 -MT"src/helloworld.o" -mcpu=cortex-a9 -mfpu=vfpv3 -mfloat-abi=hard -I../../pmod_da2_sinusoidal_bsp/ps7_cortexa9_0/include -MMD -MP -MF"src/helloworld.d" -MT"src/helloworld.o" -o "src/helloworld.o" "../src/helloworld.c"
../src/helloworld.c: In function 'main':
../src/helloworld.c:77:6: warning: unused variable 'max_amp' [-Wunused-variable]
  int max_amp = max_p1_sin >> 1; /* the max amplitude and DC offset */
      ^~~~~~~
../src/helloworld.c:74:6: warning: unused variable 'status' [-Wunused-variable]
  int status; /* of the GPIO */
      ^~~~~~
'Finished building: ../src/helloworld.c'
' '
'Building target: pmod_da2_sinusoidal.elf'
'Invoking: ARM v7 gcc linker'
arm-none-eabi-gcc -mcpu=cortex-a9 -mfpu=vfpv3 -mfloat-abi=hard -Wl,-build-id=none -specs=Xilinx.spec -Wl,-T -Wl,../src/lscript.ld -L../../pmod_da2_sinusoidal_bsp/ps7_cortexa9_0/lib -o "pmod_da2_sinusoidal.elf"  ./src/helloworld.o ./src/platform.o   -lm -Wl,--start-group,-lxil,-lgcc,-lc,--end-group
'Finished building target: pmod_da2_sinusoidal.elf'
' '
'Invoking: ARM v7 Print Size'
arm-none-eabi-size pmod_da2_sinusoidal.elf  |tee "pmod_da2_sinusoidal.elf.size"
   text	   data	    bss	    dec	    hex	filename
  29504	   1544	  23256	  54304	   d420	pmod_da2_sinusoidal.elf
'Finished building: pmod_da2_sinusoidal.elf.size'
' '
03:04:41 **** Auto Build of configuration Debug for project pmod_da2_sinusoidal ****
make pre-build main-build 
a9-linaro-pre-build-step
' '
'Building file: ../src/helloworld.c'
'Invoking: ARM v7 gcc compiler'
arm-none-eabi-gcc -Wall -O0 -g3 -c -fmessage-length=0 -MT"src/helloworld.o" -mcpu=cortex-a9 -mfpu=vfpv3 -mfloat-abi=hard -I../../pmod_da2_sinusoidal_bsp/ps7_cortexa9_0/include -MMD -MP -MF"src/helloworld.d" -MT"src/helloworld.o" -o "src/helloworld.o" "../src/helloworld.c"
../src/helloworld.c: In function 'main':
../src/helloworld.c:81:56: error: 'XSLT_SUCCESS' undeclared (first use in this function); did you mean 'XST_SUCCESS'?
  if (XGpio_Initialize(&InpInst, INP_GPIO_DEVICE_ID) != XSLT_SUCCESS) {
                                                        ^~~~~~~~~~~~
                                                        XST_SUCCESS
../src/helloworld.c:81:56: note: each undeclared identifier is reported only once for each function it appears in
../src/helloworld.c:82:10: error: 'XSLT_FAILURE' undeclared (first use in this function); did you mean 'XST_FAILURE'?
   return XSLT_FAILURE;
          ^~~~~~~~~~~~
          XST_FAILURE
../src/helloworld.c:77:6: warning: unused variable 'max_amp' [-Wunused-variable]
  int max_amp = max_p1_sin >> 1; /* the max amplitude and DC offset */
      ^~~~~~~
make: *** [src/subdir.mk:26: src/helloworld.o] Error 1
03:04:59 **** Auto Build of configuration Debug for project pmod_da2_sinusoidal ****
make pre-build main-build 
a9-linaro-pre-build-step
' '
'Building file: ../src/helloworld.c'
'Invoking: ARM v7 gcc compiler'
arm-none-eabi-gcc -Wall -O0 -g3 -c -fmessage-length=0 -MT"src/helloworld.o" -mcpu=cortex-a9 -mfpu=vfpv3 -mfloat-abi=hard -I../../pmod_da2_sinusoidal_bsp/ps7_cortexa9_0/include -MMD -MP -MF"src/helloworld.d" -MT"src/helloworld.o" -o "src/helloworld.o" "../src/helloworld.c"
../src/helloworld.c: In function 'main':
../src/helloworld.c:82:10: error: 'XSLT_FAILURE' undeclared (first use in this function); did you mean 'XST_FAILURE'?
   return XSLT_FAILURE;
          ^~~~~~~~~~~~
          XST_FAILURE
../src/helloworld.c:82:10: note: each undeclared identifier is reported only once for each function it appears in
../src/helloworld.c:77:6: warning: unused variable 'max_amp' [-Wunused-variable]
  int max_amp = max_p1_sin >> 1; /* the max amplitude and DC offset */
      ^~~~~~~
make: *** [src/subdir.mk:26: src/helloworld.o] Error 1
03:05:02 **** Auto Build of configuration Debug for project pmod_da2_sinusoidal ****
make pre-build main-build 
a9-linaro-pre-build-step
' '
'Building file: ../src/helloworld.c'
'Invoking: ARM v7 gcc compiler'
arm-none-eabi-gcc -Wall -O0 -g3 -c -fmessage-length=0 -MT"src/helloworld.o" -mcpu=cortex-a9 -mfpu=vfpv3 -mfloat-abi=hard -I../../pmod_da2_sinusoidal_bsp/ps7_cortexa9_0/include -MMD -MP -MF"src/helloworld.d" -MT"src/helloworld.o" -o "src/helloworld.o" "../src/helloworld.c"
../src/helloworld.c: In function 'main':
../src/helloworld.c:77:6: warning: unused variable 'max_amp' [-Wunused-variable]
  int max_amp = max_p1_sin >> 1; /* the max amplitude and DC offset */
      ^~~~~~~
'Finished building: ../src/helloworld.c'
' '
'Building target: pmod_da2_sinusoidal.elf'
'Invoking: ARM v7 gcc linker'
arm-none-eabi-gcc -mcpu=cortex-a9 -mfpu=vfpv3 -mfloat-abi=hard -Wl,-build-id=none -specs=Xilinx.spec -Wl,-T -Wl,../src/lscript.ld -L../../pmod_da2_sinusoidal_bsp/ps7_cortexa9_0/lib -o "pmod_da2_sinusoidal.elf"  ./src/helloworld.o ./src/platform.o   -lm -Wl,--start-group,-lxil,-lgcc,-lc,--end-group
'Finished building target: pmod_da2_sinusoidal.elf'
' '
'Invoking: ARM v7 Print Size'
arm-none-eabi-size pmod_da2_sinusoidal.elf  |tee "pmod_da2_sinusoidal.elf.size"
   text	   data	    bss	    dec	    hex	filename
  30712	   1560	  23272	  55544	   d8f8	pmod_da2_sinusoidal.elf
'Finished building: pmod_da2_sinusoidal.elf.size'
' '
03:08:12 **** Incremental Build of configuration Debug for project pmod_da2_test ****
make pre-build main-build 
a9-linaro-pre-build-step
' '
make: Nothing to be done for 'main-build'.
03:09:21 **** Incremental Build of configuration Debug for project pmod_da2_test ****
make pre-build main-build 
a9-linaro-pre-build-step
' '
make: Nothing to be done for 'main-build'.
03:22:29 **** Incremental Build of configuration Debug for project pmod_da2_test ****
make pre-build main-build 
a9-linaro-pre-build-step
' '
make: Nothing to be done for 'main-build'.
03:45:55 **** Auto Build of configuration Debug for project pmod_da2_sinusoidal ****
make pre-build main-build 
a9-linaro-pre-build-step
' '
'Building file: ../src/helloworld.c'
'Invoking: ARM v7 gcc compiler'
arm-none-eabi-gcc -Wall -O0 -g3 -c -fmessage-length=0 -MT"src/helloworld.o" -mcpu=cortex-a9 -mfpu=vfpv3 -mfloat-abi=hard -I../../pmod_da2_sinusoidal_bsp/ps7_cortexa9_0/include -MMD -MP -MF"src/helloworld.d" -MT"src/helloworld.o" -o "src/helloworld.o" "../src/helloworld.c"
../src/helloworld.c: In function 'main':
../src/helloworld.c:77:6: warning: unused variable 'max_amp' [-Wunused-variable]
  int max_amp = (max_p1_sin >> 1); /* the max amplitude and DC offset */
      ^~~~~~~
'Finished building: ../src/helloworld.c'
' '
'Building target: pmod_da2_sinusoidal.elf'
'Invoking: ARM v7 gcc linker'
arm-none-eabi-gcc -mcpu=cortex-a9 -mfpu=vfpv3 -mfloat-abi=hard -Wl,-build-id=none -specs=Xilinx.spec -Wl,-T -Wl,../src/lscript.ld -L../../pmod_da2_sinusoidal_bsp/ps7_cortexa9_0/lib -o "pmod_da2_sinusoidal.elf"  ./src/helloworld.o ./src/platform.o   -lm -Wl,--start-group,-lxil,-lgcc,-lc,--end-group
'Finished building target: pmod_da2_sinusoidal.elf'
' '
'Invoking: ARM v7 Print Size'
arm-none-eabi-size pmod_da2_sinusoidal.elf  |tee "pmod_da2_sinusoidal.elf.size"
   text	   data	    bss	    dec	    hex	filename
  30712	   1560	  23272	  55544	   d8f8	pmod_da2_sinusoidal.elf
'Finished building: pmod_da2_sinusoidal.elf.size'
' '
04:06:09 **** Auto Build of configuration Debug for project pmod_da2_sinusoidal ****
make pre-build main-build 
a9-linaro-pre-build-step
' '
'Building file: ../src/helloworld.c'
'Invoking: ARM v7 gcc compiler'
arm-none-eabi-gcc -Wall -O0 -g3 -c -fmessage-length=0 -MT"src/helloworld.o" -mcpu=cortex-a9 -mfpu=vfpv3 -mfloat-abi=hard -I../../pmod_da2_sinusoidal_bsp/ps7_cortexa9_0/include -MMD -MP -MF"src/helloworld.d" -MT"src/helloworld.o" -o "src/helloworld.o" "../src/helloworld.c"
../src/helloworld.c: In function 'main':
../src/helloworld.c:80:8: error: expected identifier or '(' before '[' token
  double[] f = { 0.5, 1, 2, 5, 0 }; /* frequencies, 0-terminated */
        ^
../src/helloworld.c:83:14: error: 'f' undeclared (first use in this function)
  double coss[f][FS];     /* the array of cosines AMP 1 */
              ^
../src/helloworld.c:83:14: note: each undeclared identifier is reported only once for each function it appears in
../src/helloworld.c:89:11: error: 'PI' undeclared (first use in this function)
   W = ((2*PI*f[k])/Fs);
           ^~
../src/helloworld.c:89:20: error: 'Fs' undeclared (first use in this function); did you mean 'FS'?
   W = ((2*PI*f[k])/Fs);
                    ^~
                    FS
../src/helloworld.c:90:21: error: 'l' undeclared (first use in this function)
   for (n = FS - 1; (l > 0); --l) {
                     ^
../src/helloworld.c:107:9: error: 'dacdata' undeclared (first use in this function)
      if(dacdata==4096)
         ^~~~~~~
../src/helloworld.c:110:6: error: 'dacdav' undeclared (first use in this function); did you mean 'DA2dav'?
      dacdav=Xil_In32(DA2dav);
      ^~~~~~
      DA2dav
../src/helloworld.c:112:23: error: 'dacacq' undeclared (first use in this function); did you mean 'DA2acq'?
       if(dacdav==0 && dacacq==0)   //DAC not in use?
                       ^~~~~~
                       DA2acq
../src/helloworld.c:83:9: warning: unused variable 'coss' [-Wunused-variable]
  double coss[f][FS];     /* the array of cosines AMP 1 */
         ^~~~
../src/helloworld.c:78:6: warning: unused variable 'max_amp' [-Wunused-variable]
  int max_amp = (max_p1_sin >> 1); /* the max amplitude and DC offset */
      ^~~~~~~
make: *** [src/subdir.mk:26: src/helloworld.o] Error 1
04:07:47 **** Auto Build of configuration Debug for project pmod_da2_sinusoidal ****
make pre-build main-build 
a9-linaro-pre-build-step
' '
'Building file: ../src/helloworld.c'
'Invoking: ARM v7 gcc compiler'
arm-none-eabi-gcc -Wall -O0 -g3 -c -fmessage-length=0 -MT"src/helloworld.o" -mcpu=cortex-a9 -mfpu=vfpv3 -mfloat-abi=hard -I../../pmod_da2_sinusoidal_bsp/ps7_cortexa9_0/include -MMD -MP -MF"src/helloworld.d" -MT"src/helloworld.o" -o "src/helloworld.o" "../src/helloworld.c"
../src/helloworld.c: In function 'main':
../src/helloworld.c:81:8: error: expected identifier or '(' before '[' token
  double[] f = { 0.5, 1, 2, 5 }; /* frequencies */
        ^
../src/helloworld.c:84:14: error: 'f' undeclared (first use in this function)
  double coss[f][FS];    /* the array of cosines AMP 1 */
              ^
../src/helloworld.c:84:14: note: each undeclared identifier is reported only once for each function it appears in
../src/helloworld.c:90:11: error: 'PI' undeclared (first use in this function)
   W = ((2*PI*f[k])/Fs);
           ^~
../src/helloworld.c:90:20: error: 'Fs' undeclared (first use in this function); did you mean 'FS'?
   W = ((2*PI*f[k])/Fs);
                    ^~
                    FS
../src/helloworld.c:108:9: error: 'dacdata' undeclared (first use in this function)
      if(dacdata==4096)
         ^~~~~~~
../src/helloworld.c:111:6: error: 'dacdav' undeclared (first use in this function); did you mean 'DA2dav'?
      dacdav=Xil_In32(DA2dav);
      ^~~~~~
      DA2dav
../src/helloworld.c:113:23: error: 'dacacq' undeclared (first use in this function); did you mean 'DA2acq'?
       if(dacdav==0 && dacacq==0)   //DAC not in use?
                       ^~~~~~
                       DA2acq
../src/helloworld.c:84:9: warning: unused variable 'coss' [-Wunused-variable]
  double coss[f][FS];    /* the array of cosines AMP 1 */
         ^~~~
../src/helloworld.c:78:6: warning: unused variable 'max_amp' [-Wunused-variable]
  int max_amp = (max_p1_sin >> 1); /* the max amplitude and DC offset */
      ^~~~~~~
make: *** [src/subdir.mk:26: src/helloworld.o] Error 1
04:08:00 **** Auto Build of configuration Debug for project pmod_da2_sinusoidal ****
make pre-build main-build 
a9-linaro-pre-build-step
' '
'Building file: ../src/helloworld.c'
'Invoking: ARM v7 gcc compiler'
arm-none-eabi-gcc -Wall -O0 -g3 -c -fmessage-length=0 -MT"src/helloworld.o" -mcpu=cortex-a9 -mfpu=vfpv3 -mfloat-abi=hard -I../../pmod_da2_sinusoidal_bsp/ps7_cortexa9_0/include -MMD -MP -MF"src/helloworld.d" -MT"src/helloworld.o" -o "src/helloworld.o" "../src/helloworld.c"
../src/helloworld.c: In function 'main':
../src/helloworld.c:81:8: error: expected identifier or '(' before '[' token
  double[] f = { 0.5, 1, 2, 5 }; /* frequencies */
        ^
../src/helloworld.c:84:14: error: 'f' undeclared (first use in this function)
  double coss[f][FS];    /* the array of cosines AMP 1 */
              ^
../src/helloworld.c:84:14: note: each undeclared identifier is reported only once for each function it appears in
../src/helloworld.c:90:11: error: 'PI' undeclared (first use in this function)
   W = ((2*PI*f[k])/Fs);
           ^~
../src/helloworld.c:90:20: error: 'Fs' undeclared (first use in this function); did you mean 'FS'?
   W = ((2*PI*f[k])/Fs);
                    ^~
                    FS
../src/helloworld.c:108:9: error: 'dacdata' undeclared (first use in this function)
      if(dacdata==4096)
         ^~~~~~~
../src/helloworld.c:111:6: error: 'dacdav' undeclared (first use in this function); did you mean 'DA2dav'?
      dacdav=Xil_In32(DA2dav);
      ^~~~~~
      DA2dav
../src/helloworld.c:113:23: error: 'dacacq' undeclared (first use in this function); did you mean 'DA2acq'?
       if(dacdav==0 && dacacq==0)   //DAC not in use?
                       ^~~~~~
                       DA2acq
../src/helloworld.c:84:9: warning: unused variable 'coss' [-Wunused-variable]
  double coss[f][FS];    /* the array of cosines AMP 1 */
         ^~~~
../src/helloworld.c:78:6: warning: unused variable 'max_amp' [-Wunused-variable]
  int max_amp = (max_p1_sin >> 1); /* the max amplitude and DC offset */
      ^~~~~~~
make: *** [src/subdir.mk:26: src/helloworld.o] Error 1
04:08:30 **** Auto Build of configuration Debug for project pmod_da2_sinusoidal ****
make pre-build main-build 
a9-linaro-pre-build-step
' '
'Building file: ../src/helloworld.c'
'Invoking: ARM v7 gcc compiler'
arm-none-eabi-gcc -Wall -O0 -g3 -c -fmessage-length=0 -MT"src/helloworld.o" -mcpu=cortex-a9 -mfpu=vfpv3 -mfloat-abi=hard -I../../pmod_da2_sinusoidal_bsp/ps7_cortexa9_0/include -MMD -MP -MF"src/helloworld.d" -MT"src/helloworld.o" -o "src/helloworld.o" "../src/helloworld.c"
../src/helloworld.c: In function 'main':
../src/helloworld.c:81:8: error: expected identifier or '(' before '[' token
  double[] f = { 0.5, 1, 2, 5 }; /* frequencies */
        ^
../src/helloworld.c:84:14: error: 'f' undeclared (first use in this function)
  double coss[f][FS];    /* the array of cosines AMP 1 */
              ^
../src/helloworld.c:84:14: note: each undeclared identifier is reported only once for each function it appears in
../src/helloworld.c:88:16: error: 'nfs' undeclared (first use in this function); did you mean 'ffs'?
  for (int k = (nfs - 1); k; --k) {
                ^~~
                ffs
../src/helloworld.c:90:11: error: 'PI' undeclared (first use in this function)
   W = ((2*PI*f[k])/Fs);
           ^~
../src/helloworld.c:90:20: error: 'Fs' undeclared (first use in this function); did you mean 'FS'?
   W = ((2*PI*f[k])/Fs);
                    ^~
                    FS
../src/helloworld.c:108:9: error: 'dacdata' undeclared (first use in this function)
      if(dacdata==4096)
         ^~~~~~~
../src/helloworld.c:111:6: error: 'dacdav' undeclared (first use in this function); did you mean 'DA2dav'?
      dacdav=Xil_In32(DA2dav);
      ^~~~~~
      DA2dav
../src/helloworld.c:113:23: error: 'dacacq' undeclared (first use in this function); did you mean 'DA2acq'?
       if(dacdav==0 && dacacq==0)   //DAC not in use?
                       ^~~~~~
                       DA2acq
../src/helloworld.c:84:9: warning: unused variable 'coss' [-Wunused-variable]
  double coss[f][FS];    /* the array of cosines AMP 1 */
         ^~~~
../src/helloworld.c:79:6: warning: unused variable 'max_amp' [-Wunused-variable]
  int max_amp = (max_p1_sin >> 1); /* the max amplitude and DC offset */
      ^~~~~~~
make: *** [src/subdir.mk:26: src/helloworld.o] Error 1
04:08:39 **** Auto Build of configuration Debug for project pmod_da2_sinusoidal ****
make pre-build main-build 
a9-linaro-pre-build-step
' '
'Building file: ../src/helloworld.c'
'Invoking: ARM v7 gcc compiler'
arm-none-eabi-gcc -Wall -O0 -g3 -c -fmessage-length=0 -MT"src/helloworld.o" -mcpu=cortex-a9 -mfpu=vfpv3 -mfloat-abi=hard -I../../pmod_da2_sinusoidal_bsp/ps7_cortexa9_0/include -MMD -MP -MF"src/helloworld.d" -MT"src/helloworld.o" -o "src/helloworld.o" "../src/helloworld.c"
../src/helloworld.c: In function 'main':
../src/helloworld.c:81:8: error: expected identifier or '(' before '[' token
  double[] f = { 0.5, 1, 2, 5 }; /* frequencies */
        ^
../src/helloworld.c:84:14: error: 'f' undeclared (first use in this function)
  double coss[f][FS];    /* the array of cosines AMP 1 */
              ^
../src/helloworld.c:84:14: note: each undeclared identifier is reported only once for each function it appears in
../src/helloworld.c:90:11: error: 'PI' undeclared (first use in this function)
   W = ((2*PI*f[k])/Fs);
           ^~
../src/helloworld.c:90:20: error: 'Fs' undeclared (first use in this function); did you mean 'FS'?
   W = ((2*PI*f[k])/Fs);
                    ^~
                    FS
../src/helloworld.c:108:9: error: 'dacdata' undeclared (first use in this function)
      if(dacdata==4096)
         ^~~~~~~
../src/helloworld.c:111:6: error: 'dacdav' undeclared (first use in this function); did you mean 'DA2dav'?
      dacdav=Xil_In32(DA2dav);
      ^~~~~~
      DA2dav
../src/helloworld.c:113:23: error: 'dacacq' undeclared (first use in this function); did you mean 'DA2acq'?
       if(dacdav==0 && dacacq==0)   //DAC not in use?
                       ^~~~~~
                       DA2acq
../src/helloworld.c:84:9: warning: unused variable 'coss' [-Wunused-variable]
  double coss[f][FS];    /* the array of cosines AMP 1 */
         ^~~~
../src/helloworld.c:79:6: warning: unused variable 'max_amp' [-Wunused-variable]
  int max_amp = (max_p1_sin >> 1); /* the max amplitude and DC offset */
      ^~~~~~~
make: *** [src/subdir.mk:26: src/helloworld.o] Error 1
04:08:47 **** Auto Build of configuration Debug for project pmod_da2_sinusoidal ****
make pre-build main-build 
a9-linaro-pre-build-step
' '
'Building file: ../src/helloworld.c'
'Invoking: ARM v7 gcc compiler'
arm-none-eabi-gcc -Wall -O0 -g3 -c -fmessage-length=0 -MT"src/helloworld.o" -mcpu=cortex-a9 -mfpu=vfpv3 -mfloat-abi=hard -I../../pmod_da2_sinusoidal_bsp/ps7_cortexa9_0/include -MMD -MP -MF"src/helloworld.d" -MT"src/helloworld.o" -o "src/helloworld.o" "../src/helloworld.c"
../src/helloworld.c: In function 'main':
../src/helloworld.c:84:9: error: size of array 'coss' has non-integer type
  double coss[f][FS];    /* the array of cosines AMP 1 */
         ^~~~
../src/helloworld.c:90:11: error: 'PI' undeclared (first use in this function)
   W = ((2*PI*f[k])/Fs);
           ^~
../src/helloworld.c:90:11: note: each undeclared identifier is reported only once for each function it appears in
../src/helloworld.c:90:20: error: 'Fs' undeclared (first use in this function); did you mean 'FS'?
   W = ((2*PI*f[k])/Fs);
                    ^~
                    FS
../src/helloworld.c:108:9: error: 'dacdata' undeclared (first use in this function)
      if(dacdata==4096)
         ^~~~~~~
../src/helloworld.c:111:6: error: 'dacdav' undeclared (first use in this function); did you mean 'DA2dav'?
      dacdav=Xil_In32(DA2dav);
      ^~~~~~
      DA2dav
../src/helloworld.c:113:23: error: 'dacacq' undeclared (first use in this function); did you mean 'DA2acq'?
       if(dacdav==0 && dacacq==0)   //DAC not in use?
                       ^~~~~~
                       DA2acq
../src/helloworld.c:84:9: warning: variable 'coss' set but not used [-Wunused-but-set-variable]
  double coss[f][FS];    /* the array of cosines AMP 1 */
         ^~~~
../src/helloworld.c:79:6: warning: unused variable 'max_amp' [-Wunused-variable]
  int max_amp = (max_p1_sin >> 1); /* the max amplitude and DC offset */
      ^~~~~~~
make: *** [src/subdir.mk:26: src/helloworld.o] Error 1
04:09:11 **** Auto Build of configuration Debug for project pmod_da2_sinusoidal ****
make pre-build main-build 
a9-linaro-pre-build-step
' '
'Building file: ../src/helloworld.c'
'Invoking: ARM v7 gcc compiler'
arm-none-eabi-gcc -Wall -O0 -g3 -c -fmessage-length=0 -MT"src/helloworld.o" -mcpu=cortex-a9 -mfpu=vfpv3 -mfloat-abi=hard -I../../pmod_da2_sinusoidal_bsp/ps7_cortexa9_0/include -MMD -MP -MF"src/helloworld.d" -MT"src/helloworld.o" -o "src/helloworld.o" "../src/helloworld.c"
../src/helloworld.c: In function 'main':
../src/helloworld.c:90:11: error: 'PI' undeclared (first use in this function)
   W = ((2*PI*f[k])/Fs);
           ^~
../src/helloworld.c:90:11: note: each undeclared identifier is reported only once for each function it appears in
../src/helloworld.c:90:20: error: 'Fs' undeclared (first use in this function); did you mean 'FS'?
   W = ((2*PI*f[k])/Fs);
                    ^~
                    FS
../src/helloworld.c:108:9: error: 'dacdata' undeclared (first use in this function)
      if(dacdata==4096)
         ^~~~~~~
../src/helloworld.c:111:6: error: 'dacdav' undeclared (first use in this function); did you mean 'DA2dav'?
      dacdav=Xil_In32(DA2dav);
      ^~~~~~
      DA2dav
../src/helloworld.c:113:23: error: 'dacacq' undeclared (first use in this function); did you mean 'DA2acq'?
       if(dacdav==0 && dacacq==0)   //DAC not in use?
                       ^~~~~~
                       DA2acq
../src/helloworld.c:84:9: warning: variable 'coss' set but not used [-Wunused-but-set-variable]
  double coss[NFS][FS];   /* the array of cosines AMP 1 */
         ^~~~
../src/helloworld.c:79:6: warning: unused variable 'max_amp' [-Wunused-variable]
  int max_amp = (max_p1_sin >> 1); /* the max amplitude and DC offset */
      ^~~~~~~
make: *** [src/subdir.mk:26: src/helloworld.o] Error 1
04:09:20 **** Auto Build of configuration Debug for project pmod_da2_sinusoidal ****
make pre-build main-build 
a9-linaro-pre-build-step
' '
'Building file: ../src/helloworld.c'
'Invoking: ARM v7 gcc compiler'
arm-none-eabi-gcc -Wall -O0 -g3 -c -fmessage-length=0 -MT"src/helloworld.o" -mcpu=cortex-a9 -mfpu=vfpv3 -mfloat-abi=hard -I../../pmod_da2_sinusoidal_bsp/ps7_cortexa9_0/include -MMD -MP -MF"src/helloworld.d" -MT"src/helloworld.o" -o "src/helloworld.o" "../src/helloworld.c"
../src/helloworld.c: In function 'main':
../src/helloworld.c:90:11: error: 'PI' undeclared (first use in this function)
   W = ((2*PI*f[k])/FS);
           ^~
../src/helloworld.c:90:11: note: each undeclared identifier is reported only once for each function it appears in
../src/helloworld.c:108:9: error: 'dacdata' undeclared (first use in this function)
      if(dacdata==4096)
         ^~~~~~~
../src/helloworld.c:111:6: error: 'dacdav' undeclared (first use in this function); did you mean 'DA2dav'?
      dacdav=Xil_In32(DA2dav);
      ^~~~~~
      DA2dav
../src/helloworld.c:113:23: error: 'dacacq' undeclared (first use in this function); did you mean 'DA2acq'?
       if(dacdav==0 && dacacq==0)   //DAC not in use?
                       ^~~~~~
                       DA2acq
../src/helloworld.c:84:9: warning: variable 'coss' set but not used [-Wunused-but-set-variable]
  double coss[NFS][FS];   /* the array of cosines AMP 1 */
         ^~~~
../src/helloworld.c:79:6: warning: unused variable 'max_amp' [-Wunused-variable]
  int max_amp = (max_p1_sin >> 1); /* the max amplitude and DC offset */
      ^~~~~~~
make: *** [src/subdir.mk:26: src/helloworld.o] Error 1
04:09:32 **** Auto Build of configuration Debug for project pmod_da2_sinusoidal ****
make pre-build main-build 
a9-linaro-pre-build-step
' '
'Building file: ../src/helloworld.c'
'Invoking: ARM v7 gcc compiler'
arm-none-eabi-gcc -Wall -O0 -g3 -c -fmessage-length=0 -MT"src/helloworld.o" -mcpu=cortex-a9 -mfpu=vfpv3 -mfloat-abi=hard -I../../pmod_da2_sinusoidal_bsp/ps7_cortexa9_0/include -MMD -MP -MF"src/helloworld.d" -MT"src/helloworld.o" -o "src/helloworld.o" "../src/helloworld.c"
../src/helloworld.c: In function 'main':
../src/helloworld.c:90:11: error: 'Math' undeclared (first use in this function); did you mean 'tanh'?
   W = ((2*Math.PI*f[k])/FS);
           ^~~~
           tanh
../src/helloworld.c:90:11: note: each undeclared identifier is reported only once for each function it appears in
../src/helloworld.c:108:9: error: 'dacdata' undeclared (first use in this function)
      if(dacdata==4096)
         ^~~~~~~
../src/helloworld.c:111:6: error: 'dacdav' undeclared (first use in this function); did you mean 'DA2dav'?
      dacdav=Xil_In32(DA2dav);
      ^~~~~~
      DA2dav
../src/helloworld.c:113:23: error: 'dacacq' undeclared (first use in this function); did you mean 'DA2acq'?
       if(dacdav==0 && dacacq==0)   //DAC not in use?
                       ^~~~~~
                       DA2acq
../src/helloworld.c:84:9: warning: variable 'coss' set but not used [-Wunused-but-set-variable]
  double coss[NFS][FS];   /* the array of cosines AMP 1 */
         ^~~~
../src/helloworld.c:79:6: warning: unused variable 'max_amp' [-Wunused-variable]
  int max_amp = (max_p1_sin >> 1); /* the max amplitude and DC offset */
      ^~~~~~~
make: *** [src/subdir.mk:26: src/helloworld.o] Error 1
04:10:33 **** Auto Build of configuration Debug for project pmod_da2_sinusoidal ****
make pre-build main-build 
a9-linaro-pre-build-step
' '
'Building file: ../src/helloworld.c'
'Invoking: ARM v7 gcc compiler'
arm-none-eabi-gcc -Wall -O0 -g3 -c -fmessage-length=0 -MT"src/helloworld.o" -mcpu=cortex-a9 -mfpu=vfpv3 -mfloat-abi=hard -I../../pmod_da2_sinusoidal_bsp/ps7_cortexa9_0/include -MMD -MP -MF"src/helloworld.d" -MT"src/helloworld.o" -o "src/helloworld.o" "../src/helloworld.c"
../src/helloworld.c: In function 'main':
../src/helloworld.c:108:9: error: 'dacdata' undeclared (first use in this function)
      if(dacdata==4096)
         ^~~~~~~
../src/helloworld.c:108:9: note: each undeclared identifier is reported only once for each function it appears in
../src/helloworld.c:111:6: error: 'dacdav' undeclared (first use in this function); did you mean 'DA2dav'?
      dacdav=Xil_In32(DA2dav);
      ^~~~~~
      DA2dav
../src/helloworld.c:113:23: error: 'dacacq' undeclared (first use in this function); did you mean 'DA2acq'?
       if(dacdav==0 && dacacq==0)   //DAC not in use?
                       ^~~~~~
                       DA2acq
../src/helloworld.c:84:9: warning: variable 'coss' set but not used [-Wunused-but-set-variable]
  double coss[NFS][FS];   /* the array of cosines AMP 1 */
         ^~~~
../src/helloworld.c:79:6: warning: unused variable 'max_amp' [-Wunused-variable]
  int max_amp = (max_p1_sin >> 1); /* the max amplitude and DC offset */
      ^~~~~~~
make: *** [src/subdir.mk:26: src/helloworld.o] Error 1
04:11:22 **** Auto Build of configuration Debug for project pmod_da2_sinusoidal ****
make pre-build main-build 
a9-linaro-pre-build-step
' '
'Building file: ../src/helloworld.c'
'Invoking: ARM v7 gcc compiler'
arm-none-eabi-gcc -Wall -O0 -g3 -c -fmessage-length=0 -MT"src/helloworld.o" -mcpu=cortex-a9 -mfpu=vfpv3 -mfloat-abi=hard -I../../pmod_da2_sinusoidal_bsp/ps7_cortexa9_0/include -MMD -MP -MF"src/helloworld.d" -MT"src/helloworld.o" -o "src/helloworld.o" "../src/helloworld.c"
../src/helloworld.c: In function 'main':
../src/helloworld.c:110:9: error: 'dacdata' undeclared (first use in this function)
      if(dacdata==4096)
         ^~~~~~~
../src/helloworld.c:110:9: note: each undeclared identifier is reported only once for each function it appears in
../src/helloworld.c:113:6: error: 'dacdav' undeclared (first use in this function); did you mean 'DA2dav'?
      dacdav=Xil_In32(DA2dav);
      ^~~~~~
      DA2dav
../src/helloworld.c:115:23: error: 'dacacq' undeclared (first use in this function); did you mean 'DA2acq'?
       if(dacdav==0 && dacacq==0)   //DAC not in use?
                       ^~~~~~
                       DA2acq
../src/helloworld.c:84:9: warning: variable 'coss' set but not used [-Wunused-but-set-variable]
  double coss[NFS][FS];   /* the array of cosines AMP 1 */
         ^~~~
../src/helloworld.c:79:6: warning: unused variable 'max_amp' [-Wunused-variable]
  int max_amp = (max_p1_sin >> 1); /* the max amplitude and DC offset */
      ^~~~~~~
make: *** [src/subdir.mk:26: src/helloworld.o] Error 1
04:11:47 **** Auto Build of configuration Debug for project pmod_da2_sinusoidal ****
make pre-build main-build 
a9-linaro-pre-build-step
' '
'Building file: ../src/helloworld.c'
'Invoking: ARM v7 gcc compiler'
arm-none-eabi-gcc -Wall -O0 -g3 -c -fmessage-length=0 -MT"src/helloworld.o" -mcpu=cortex-a9 -mfpu=vfpv3 -mfloat-abi=hard -I../../pmod_da2_sinusoidal_bsp/ps7_cortexa9_0/include -MMD -MP -MF"src/helloworld.d" -MT"src/helloworld.o" -o "src/helloworld.o" "../src/helloworld.c"
../src/helloworld.c: In function 'main':
../src/helloworld.c:111:9: error: 'dacdata' undeclared (first use in this function)
      if(dacdata==4096)
         ^~~~~~~
../src/helloworld.c:111:9: note: each undeclared identifier is reported only once for each function it appears in
../src/helloworld.c:114:6: error: 'dacdav' undeclared (first use in this function); did you mean 'DA2dav'?
      dacdav=Xil_In32(DA2dav);
      ^~~~~~
      DA2dav
../src/helloworld.c:116:23: error: 'dacacq' undeclared (first use in this function); did you mean 'DA2acq'?
       if(dacdav==0 && dacacq==0)   //DAC not in use?
                       ^~~~~~
                       DA2acq
../src/helloworld.c:82:9: warning: variable 'coss' set but not used [-Wunused-but-set-variable]
  double coss[NFS][FS];   /* the array of cosines AMP 1 */
         ^~~~
../src/helloworld.c:79:6: warning: unused variable 'max_amp' [-Wunused-variable]
  int max_amp = (max_p1_sin >> 1); /* the max amplitude and DC offset */
      ^~~~~~~
make: *** [src/subdir.mk:26: src/helloworld.o] Error 1
04:12:18 **** Auto Build of configuration Debug for project pmod_da2_sinusoidal ****
make pre-build main-build 
a9-linaro-pre-build-step
' '
'Building file: ../src/helloworld.c'
'Invoking: ARM v7 gcc compiler'
arm-none-eabi-gcc -Wall -O0 -g3 -c -fmessage-length=0 -MT"src/helloworld.o" -mcpu=cortex-a9 -mfpu=vfpv3 -mfloat-abi=hard -I../../pmod_da2_sinusoidal_bsp/ps7_cortexa9_0/include -MMD -MP -MF"src/helloworld.d" -MT"src/helloworld.o" -o "src/helloworld.o" "../src/helloworld.c"
../src/helloworld.c: In function 'main':
../src/helloworld.c:115:6: error: 'dacdav' undeclared (first use in this function); did you mean 'DA2dav'?
      dacdav=Xil_In32(DA2dav);
      ^~~~~~
      DA2dav
../src/helloworld.c:115:6: note: each undeclared identifier is reported only once for each function it appears in
../src/helloworld.c:117:23: error: 'dacacq' undeclared (first use in this function); did you mean 'DA2acq'?
       if(dacdav==0 && dacacq==0)   //DAC not in use?
                       ^~~~~~
                       DA2acq
../src/helloworld.c:119:27: error: 'dacdata' undeclared (first use in this function)
        Xil_Out32(DA2dat1, dacdata); //output DAC data
                           ^~~~~~~
../src/helloworld.c:82:9: warning: variable 'coss' set but not used [-Wunused-but-set-variable]
  double coss[NFS][FS];   /* the array of cosines AMP 1 */
         ^~~~
../src/helloworld.c:79:6: warning: unused variable 'max_amp' [-Wunused-variable]
  int max_amp = (max_p1_sin >> 1); /* the max amplitude and DC offset */
      ^~~~~~~
make: *** [src/subdir.mk:26: src/helloworld.o] Error 1
04:18:42 **** Auto Build of configuration Debug for project pmod_da2_sinusoidal ****
make pre-build main-build 
a9-linaro-pre-build-step
' '
'Building file: ../src/helloworld.c'
'Invoking: ARM v7 gcc compiler'
arm-none-eabi-gcc -Wall -O0 -g3 -c -fmessage-length=0 -MT"src/helloworld.o" -mcpu=cortex-a9 -mfpu=vfpv3 -mfloat-abi=hard -I../../pmod_da2_sinusoidal_bsp/ps7_cortexa9_0/include -MMD -MP -MF"src/helloworld.d" -MT"src/helloworld.o" -o "src/helloworld.o" "../src/helloworld.c"
../src/helloworld.c: In function 'main':
../src/helloworld.c:122:27: error: 'dacdata' undeclared (first use in this function); did you mean 'dacdav'?
        Xil_Out32(DA2dat1, dacdata); //output DAC data
                           ^~~~~~~
                           dacdav
../src/helloworld.c:122:27: note: each undeclared identifier is reported only once for each function it appears in
../src/helloworld.c:82:9: warning: variable 'coss' set but not used [-Wunused-but-set-variable]
  double coss[NFS][FS];   /* the array of cosines AMP 1 */
         ^~~~
../src/helloworld.c:79:6: warning: unused variable 'max_amp' [-Wunused-variable]
  int max_amp = (max_p1_sin >> 1); /* the max amplitude and DC offset */
      ^~~~~~~
make: *** [src/subdir.mk:26: src/helloworld.o] Error 1
04:22:44 **** Auto Build of configuration Debug for project pmod_da2_sinusoidal ****
make pre-build main-build 
a9-linaro-pre-build-step
' '
'Building file: ../src/helloworld.c'
'Invoking: ARM v7 gcc compiler'
arm-none-eabi-gcc -Wall -O0 -g3 -c -fmessage-length=0 -MT"src/helloworld.o" -mcpu=cortex-a9 -mfpu=vfpv3 -mfloat-abi=hard -I../../pmod_da2_sinusoidal_bsp/ps7_cortexa9_0/include -MMD -MP -MF"src/helloworld.d" -MT"src/helloworld.o" -o "src/helloworld.o" "../src/helloworld.c"
../src/helloworld.c: In function 'main':
../src/helloworld.c:82:9: warning: variable 'coss' set but not used [-Wunused-but-set-variable]
  double coss[NFS][FS];   /* the array of cosines AMP 1 */
         ^~~~
../src/helloworld.c:79:6: warning: unused variable 'max_amp' [-Wunused-variable]
  int max_amp = (max_p1_sin >> 1); /* the max amplitude and DC offset */
      ^~~~~~~
'Finished building: ../src/helloworld.c'
' '
'Building target: pmod_da2_sinusoidal.elf'
'Invoking: ARM v7 gcc linker'
arm-none-eabi-gcc -mcpu=cortex-a9 -mfpu=vfpv3 -mfloat-abi=hard -Wl,-build-id=none -specs=Xilinx.spec -Wl,-T -Wl,../src/lscript.ld -L../../pmod_da2_sinusoidal_bsp/ps7_cortexa9_0/lib -o "pmod_da2_sinusoidal.elf"  ./src/helloworld.o ./src/platform.o   -lm -Wl,--start-group,-lxil,-lgcc,-lc,--end-group
'Finished building target: pmod_da2_sinusoidal.elf'
' '
'Invoking: ARM v7 Print Size'
arm-none-eabi-size pmod_da2_sinusoidal.elf  |tee "pmod_da2_sinusoidal.elf.size"
   text	   data	    bss	    dec	    hex	filename
  35472	   1560	  23272	  60304	   eb90	pmod_da2_sinusoidal.elf
'Finished building: pmod_da2_sinusoidal.elf.size'
' '
04:54:27 **** Auto Build of configuration Debug for project pmod_da2_sinusoidal ****
make pre-build main-build 
a9-linaro-pre-build-step
' '
'Building file: ../src/helloworld.c'
'Invoking: ARM v7 gcc compiler'
arm-none-eabi-gcc -Wall -O0 -g3 -c -fmessage-length=0 -MT"src/helloworld.o" -mcpu=cortex-a9 -mfpu=vfpv3 -mfloat-abi=hard -I../../pmod_da2_sinusoidal_bsp/ps7_cortexa9_0/include -MMD -MP -MF"src/helloworld.d" -MT"src/helloworld.o" -o "src/helloworld.o" "../src/helloworld.c"
../src/helloworld.c: In function 'main':
../src/helloworld.c:84:9: warning: variable 'coss' set but not used [-Wunused-but-set-variable]
  double coss[NFS][FS];   /* the array of cosines AMP 1 */
         ^~~~
../src/helloworld.c:80:9: warning: unused variable 'swc_scale' [-Wunused-variable]
  double swc_scale    /* the switch scale*/
         ^~~~~~~~~
'Finished building: ../src/helloworld.c'
' '
'Building target: pmod_da2_sinusoidal.elf'
'Invoking: ARM v7 gcc linker'
arm-none-eabi-gcc -mcpu=cortex-a9 -mfpu=vfpv3 -mfloat-abi=hard -Wl,-build-id=none -specs=Xilinx.spec -Wl,-T -Wl,../src/lscript.ld -L../../pmod_da2_sinusoidal_bsp/ps7_cortexa9_0/lib -o "pmod_da2_sinusoidal.elf"  ./src/helloworld.o ./src/platform.o   -lm -Wl,--start-group,-lxil,-lgcc,-lc,--end-group
'Finished building target: pmod_da2_sinusoidal.elf'
' '
'Invoking: ARM v7 Print Size'
arm-none-eabi-size pmod_da2_sinusoidal.elf  |tee "pmod_da2_sinusoidal.elf.size"
   text	   data	    bss	    dec	    hex	filename
  35468	   1560	  23272	  60300	   eb8c	pmod_da2_sinusoidal.elf
'Finished building: pmod_da2_sinusoidal.elf.size'
' '
04:58:38 **** Auto Build of configuration Debug for project pmod_da2_sinusoidal ****
make pre-build main-build 
a9-linaro-pre-build-step
' '
'Building file: ../src/helloworld.c'
'Invoking: ARM v7 gcc compiler'
arm-none-eabi-gcc -Wall -O0 -g3 -c -fmessage-length=0 -MT"src/helloworld.o" -mcpu=cortex-a9 -mfpu=vfpv3 -mfloat-abi=hard -I../../pmod_da2_sinusoidal_bsp/ps7_cortexa9_0/include -MMD -MP -MF"src/helloworld.d" -MT"src/helloworld.o" -o "src/helloworld.o" "../src/helloworld.c"
../src/helloworld.c: In function 'main':
../src/helloworld.c:124:17: warning: implicit declaration of function 'XGPio_DiscreteRead'; did you mean 'XGpio_DiscreteRead'? [-Wimplicit-function-declaration]
      amp_data = XGPio_DiscreteRead( /* read amplitude data, */
                 ^~~~~~~~~~~~~~~~~~
                 XGpio_DiscreteRead
../src/helloworld.c:86:9: warning: variable 'coss' set but not used [-Wunused-but-set-variable]
  double coss[NFS][FS];   /* the array of cosines AMP 1 */
         ^~~~
../src/helloworld.c:85:9: warning: variable 'amp' set but not used [-Wunused-but-set-variable]
  double amp;      /* the amplitude */
         ^~~
'Finished building: ../src/helloworld.c'
' '
'Building target: pmod_da2_sinusoidal.elf'
'Invoking: ARM v7 gcc linker'
arm-none-eabi-gcc -mcpu=cortex-a9 -mfpu=vfpv3 -mfloat-abi=hard -Wl,-build-id=none -specs=Xilinx.spec -Wl,-T -Wl,../src/lscript.ld -L../../pmod_da2_sinusoidal_bsp/ps7_cortexa9_0/lib -o "pmod_da2_sinusoidal.elf"  ./src/helloworld.o ./src/platform.o   -lm -Wl,--start-group,-lxil,-lgcc,-lc,--end-group
c:/xilinx/sdk/2019.1/gnu/aarch32/nt/gcc-arm-none-eabi/bin/../lib/gcc/arm-none-eabi/8.2.0/../../../../arm-none-eabi/bin/ld.exe: ./src/helloworld.o: in function `main':
C:\Zynq_Book\lab_06_01\lab_06_01.sdk\pmod_da2_sinusoidal\Debug/../src/helloworld.c:124: undefined reference to `XGPio_DiscreteRead'
collect2.exe: error: ld returned 1 exit status
make: *** [makefile:41: pmod_da2_sinusoidal.elf] Error 1
04:59:11 **** Auto Build of configuration Debug for project pmod_da2_sinusoidal ****
make pre-build main-build 
a9-linaro-pre-build-step
' '
'Building file: ../src/helloworld.c'
'Invoking: ARM v7 gcc compiler'
arm-none-eabi-gcc -Wall -O0 -g3 -c -fmessage-length=0 -MT"src/helloworld.o" -mcpu=cortex-a9 -mfpu=vfpv3 -mfloat-abi=hard -I../../pmod_da2_sinusoidal_bsp/ps7_cortexa9_0/include -MMD -MP -MF"src/helloworld.d" -MT"src/helloworld.o" -o "src/helloworld.o" "../src/helloworld.c"
../src/helloworld.c: In function 'main':
[...]
make pre-build main-build 
a9-linaro-pre-build-step
' '
'Building file: ../src/helloworld.c'
'Invoking: ARM v7 gcc compiler'
arm-none-eabi-gcc -Wall -O0 -g3 -c -fmessage-length=0 -MT"src/helloworld.o" -mcpu=cortex-a9 -mfpu=vfpv3 -mfloat-abi=hard -I../../pmod_da2_sinusoidal_bsp/ps7_cortexa9_0/include -MMD -MP -MF"src/helloworld.d" -MT"src/helloworld.o" -o "src/helloworld.o" "../src/helloworld.c"
'Finished building: ../src/helloworld.c'
' '
'Building target: pmod_da2_sinusoidal.elf'
'Invoking: ARM v7 gcc linker'
arm-none-eabi-gcc -mcpu=cortex-a9 -mfpu=vfpv3 -mfloat-abi=hard -Wl,-build-id=none -specs=Xilinx.spec -Wl,-T -Wl,../src/lscript.ld -L../../pmod_da2_sinusoidal_bsp/ps7_cortexa9_0/lib -o "pmod_da2_sinusoidal.elf"  ./src/helloworld.o ./src/platform.o   -lm -Wl,--start-group,-lxil,-lgcc,-lc,--end-group
'Finished building target: pmod_da2_sinusoidal.elf'
' '
'Invoking: ARM v7 Print Size'
arm-none-eabi-size pmod_da2_sinusoidal.elf  |tee "pmod_da2_sinusoidal.elf.size"
   text	   data	    bss	    dec	    hex	filename
  35932	   1560	  23272	  60764	   ed5c	pmod_da2_sinusoidal.elf
'Finished building: pmod_da2_sinusoidal.elf.size'
' '
08:05:57 **** Incremental Build of configuration Debug for project pmod_da2_sinusoidal ****
make pre-build main-build 
a9-linaro-pre-build-step
' '
make: Nothing to be done for 'main-build'.
08:06:57 **** Auto Build of configuration Debug for project pmod_da2_sinusoidal ****
make pre-build main-build 
a9-linaro-pre-build-step
' '
'Building file: ../src/helloworld.c'
'Invoking: ARM v7 gcc compiler'
arm-none-eabi-gcc -Wall -O0 -g3 -c -fmessage-length=0 -MT"src/helloworld.o" -mcpu=cortex-a9 -mfpu=vfpv3 -mfloat-abi=hard -I../../pmod_da2_sinusoidal_bsp/ps7_cortexa9_0/include -MMD -MP -MF"src/helloworld.d" -MT"src/helloworld.o" -o "src/helloworld.o" "../src/helloworld.c"
'Finished building: ../src/helloworld.c'
' '
'Building target: pmod_da2_sinusoidal.elf'
'Invoking: ARM v7 gcc linker'
arm-none-eabi-gcc -mcpu=cortex-a9 -mfpu=vfpv3 -mfloat-abi=hard -Wl,-build-id=none -specs=Xilinx.spec -Wl,-T -Wl,../src/lscript.ld -L../../pmod_da2_sinusoidal_bsp/ps7_cortexa9_0/lib -o "pmod_da2_sinusoidal.elf"  ./src/helloworld.o ./src/platform.o   -lm -Wl,--start-group,-lxil,-lgcc,-lc,--end-group
'Finished building target: pmod_da2_sinusoidal.elf'
' '
'Invoking: ARM v7 Print Size'
arm-none-eabi-size pmod_da2_sinusoidal.elf  |tee "pmod_da2_sinusoidal.elf.size"
   text	   data	    bss	    dec	    hex	filename
  35996	   1560	  23272	  60828	   ed9c	pmod_da2_sinusoidal.elf
'Finished building: pmod_da2_sinusoidal.elf.size'
' '
08:07:05 **** Auto Build of configuration Debug for project pmod_da2_sinusoidal ****
make pre-build main-build 
a9-linaro-pre-build-step
' '
'Building file: ../src/helloworld.c'
'Invoking: ARM v7 gcc compiler'
arm-none-eabi-gcc -Wall -O0 -g3 -c -fmessage-length=0 -MT"src/helloworld.o" -mcpu=cortex-a9 -mfpu=vfpv3 -mfloat-abi=hard -I../../pmod_da2_sinusoidal_bsp/ps7_cortexa9_0/include -MMD -MP -MF"src/helloworld.d" -MT"src/helloworld.o" -o "src/helloworld.o" "../src/helloworld.c"
'Finished building: ../src/helloworld.c'
' '
'Building target: pmod_da2_sinusoidal.elf'
'Invoking: ARM v7 gcc linker'
arm-none-eabi-gcc -mcpu=cortex-a9 -mfpu=vfpv3 -mfloat-abi=hard -Wl,-build-id=none -specs=Xilinx.spec -Wl,-T -Wl,../src/lscript.ld -L../../pmod_da2_sinusoidal_bsp/ps7_cortexa9_0/lib -o "pmod_da2_sinusoidal.elf"  ./src/helloworld.o ./src/platform.o   -lm -Wl,--start-group,-lxil,-lgcc,-lc,--end-group
'Finished building target: pmod_da2_sinusoidal.elf'
' '
'Invoking: ARM v7 Print Size'
arm-none-eabi-size pmod_da2_sinusoidal.elf  |tee "pmod_da2_sinusoidal.elf.size"
   text	   data	    bss	    dec	    hex	filename
  35996	   1560	  23272	  60828	   ed9c	pmod_da2_sinusoidal.elf
'Finished building: pmod_da2_sinusoidal.elf.size'
' '
08:07:08 **** Incremental Build of configuration Debug for project pmod_da2_sinusoidal ****
make pre-build main-build 
a9-linaro-pre-build-step
' '
make: Nothing to be done for 'main-build'.
08:08:22 **** Auto Build of configuration Debug for project pmod_da2_sinusoidal ****
make pre-build main-build 
a9-linaro-pre-build-step
' '
'Building file: ../src/helloworld.c'
'Invoking: ARM v7 gcc compiler'
arm-none-eabi-gcc -Wall -O0 -g3 -c -fmessage-length=0 -MT"src/helloworld.o" -mcpu=cortex-a9 -mfpu=vfpv3 -mfloat-abi=hard -I../../pmod_da2_sinusoidal_bsp/ps7_cortexa9_0/include -MMD -MP -MF"src/helloworld.d" -MT"src/helloworld.o" -o "src/helloworld.o" "../src/helloworld.c"
'Finished building: ../src/helloworld.c'
' '
'Building target: pmod_da2_sinusoidal.elf'
'Invoking: ARM v7 gcc linker'
arm-none-eabi-gcc -mcpu=cortex-a9 -mfpu=vfpv3 -mfloat-abi=hard -Wl,-build-id=none -specs=Xilinx.spec -Wl,-T -Wl,../src/lscript.ld -L../../pmod_da2_sinusoidal_bsp/ps7_cortexa9_0/lib -o "pmod_da2_sinusoidal.elf"  ./src/helloworld.o ./src/platform.o   -lm -Wl,--start-group,-lxil,-lgcc,-lc,--end-group
'Finished building target: pmod_da2_sinusoidal.elf'
' '
'Invoking: ARM v7 Print Size'
arm-none-eabi-size pmod_da2_sinusoidal.elf  |tee "pmod_da2_sinusoidal.elf.size"
   text	   data	    bss	    dec	    hex	filename
  35996	   1560	  23272	  60828	   ed9c	pmod_da2_sinusoidal.elf
'Finished building: pmod_da2_sinusoidal.elf.size'
' '
08:08:41 **** Auto Build of configuration Debug for project pmod_da2_sinusoidal ****
make pre-build main-build 
a9-linaro-pre-build-step
' '
'Building file: ../src/helloworld.c'
'Invoking: ARM v7 gcc compiler'
arm-none-eabi-gcc -Wall -O0 -g3 -c -fmessage-length=0 -MT"src/helloworld.o" -mcpu=cortex-a9 -mfpu=vfpv3 -mfloat-abi=hard -I../../pmod_da2_sinusoidal_bsp/ps7_cortexa9_0/include -MMD -MP -MF"src/helloworld.d" -MT"src/helloworld.o" -o "src/helloworld.o" "../src/helloworld.c"
'Finished building: ../src/helloworld.c'
' '
'Building target: pmod_da2_sinusoidal.elf'
'Invoking: ARM v7 gcc linker'
arm-none-eabi-gcc -mcpu=cortex-a9 -mfpu=vfpv3 -mfloat-abi=hard -Wl,-build-id=none -specs=Xilinx.spec -Wl,-T -Wl,../src/lscript.ld -L../../pmod_da2_sinusoidal_bsp/ps7_cortexa9_0/lib -o "pmod_da2_sinusoidal.elf"  ./src/helloworld.o ./src/platform.o   -lm -Wl,--start-group,-lxil,-lgcc,-lc,--end-group
'Finished building target: pmod_da2_sinusoidal.elf'
' '
'Invoking: ARM v7 Print Size'
arm-none-eabi-size pmod_da2_sinusoidal.elf  |tee "pmod_da2_sinusoidal.elf.size"
   text	   data	    bss	    dec	    hex	filename
  35996	   1560	  23272	  60828	   ed9c	pmod_da2_sinusoidal.elf
'Finished building: pmod_da2_sinusoidal.elf.size'
' '
08:10:44 **** Auto Build of configuration Debug for project pmod_da2_sinusoidal ****
make pre-build main-build 
a9-linaro-pre-build-step
' '
'Building file: ../src/helloworld.c'
'Invoking: ARM v7 gcc compiler'
arm-none-eabi-gcc -Wall -O0 -g3 -c -fmessage-length=0 -MT"src/helloworld.o" -mcpu=cortex-a9 -mfpu=vfpv3 -mfloat-abi=hard -I../../pmod_da2_sinusoidal_bsp/ps7_cortexa9_0/include -MMD -MP -MF"src/helloworld.d" -MT"src/helloworld.o" -o "src/helloworld.o" "../src/helloworld.c"
'Finished building: ../src/helloworld.c'
' '
'Building target: pmod_da2_sinusoidal.elf'
'Invoking: ARM v7 gcc linker'
arm-none-eabi-gcc -mcpu=cortex-a9 -mfpu=vfpv3 -mfloat-abi=hard -Wl,-build-id=none -specs=Xilinx.spec -Wl,-T -Wl,../src/lscript.ld -L../../pmod_da2_sinusoidal_bsp/ps7_cortexa9_0/lib -o "pmod_da2_sinusoidal.elf"  ./src/helloworld.o ./src/platform.o   -lm -Wl,--start-group,-lxil,-lgcc,-lc,--end-group
'Finished building target: pmod_da2_sinusoidal.elf'
' '
'Invoking: ARM v7 Print Size'
arm-none-eabi-size pmod_da2_sinusoidal.elf  |tee "pmod_da2_sinusoidal.elf.size"
   text	   data	    bss	    dec	    hex	filename
  35996	   1560	  23272	  60828	   ed9c	pmod_da2_sinusoidal.elf
'Finished building: pmod_da2_sinusoidal.elf.size'
' '
08:10:59 **** Auto Build of configuration Debug for project pmod_da2_sinusoidal ****
make pre-build main-build 
a9-linaro-pre-build-step
' '
'Building file: ../src/helloworld.c'
'Invoking: ARM v7 gcc compiler'
arm-none-eabi-gcc -Wall -O0 -g3 -c -fmessage-length=0 -MT"src/helloworld.o" -mcpu=cortex-a9 -mfpu=vfpv3 -mfloat-abi=hard -I../../pmod_da2_sinusoidal_bsp/ps7_cortexa9_0/include -MMD -MP -MF"src/helloworld.d" -MT"src/helloworld.o" -o "src/helloworld.o" "../src/helloworld.c"
'Finished building: ../src/helloworld.c'
' '
'Building target: pmod_da2_sinusoidal.elf'
'Invoking: ARM v7 gcc linker'
arm-none-eabi-gcc -mcpu=cortex-a9 -mfpu=vfpv3 -mfloat-abi=hard -Wl,-build-id=none -specs=Xilinx.spec -Wl,-T -Wl,../src/lscript.ld -L../../pmod_da2_sinusoidal_bsp/ps7_cortexa9_0/lib -o "pmod_da2_sinusoidal.elf"  ./src/helloworld.o ./src/platform.o   -lm -Wl,--start-group,-lxil,-lgcc,-lc,--end-group
'Finished building target: pmod_da2_sinusoidal.elf'
' '
'Invoking: ARM v7 Print Size'
arm-none-eabi-size pmod_da2_sinusoidal.elf  |tee "pmod_da2_sinusoidal.elf.size"
   text	   data	    bss	    dec	    hex	filename
  35996	   1560	  23272	  60828	   ed9c	pmod_da2_sinusoidal.elf
'Finished building: pmod_da2_sinusoidal.elf.size'
' '
08:11:21 **** Auto Build of configuration Debug for project pmod_da2_sinusoidal ****
make pre-build main-build 
a9-linaro-pre-build-step
' '
'Building file: ../src/helloworld.c'
'Invoking: ARM v7 gcc compiler'
arm-none-eabi-gcc -Wall -O0 -g3 -c -fmessage-length=0 -MT"src/helloworld.o" -mcpu=cortex-a9 -mfpu=vfpv3 -mfloat-abi=hard -I../../pmod_da2_sinusoidal_bsp/ps7_cortexa9_0/include -MMD -MP -MF"src/helloworld.d" -MT"src/helloworld.o" -o "src/helloworld.o" "../src/helloworld.c"
'Finished building: ../src/helloworld.c'
' '
'Building target: pmod_da2_sinusoidal.elf'
'Invoking: ARM v7 gcc linker'
arm-none-eabi-gcc -mcpu=cortex-a9 -mfpu=vfpv3 -mfloat-abi=hard -Wl,-build-id=none -specs=Xilinx.spec -Wl,-T -Wl,../src/lscript.ld -L../../pmod_da2_sinusoidal_bsp/ps7_cortexa9_0/lib -o "pmod_da2_sinusoidal.elf"  ./src/helloworld.o ./src/platform.o   -lm -Wl,--start-group,-lxil,-lgcc,-lc,--end-group
'Finished building target: pmod_da2_sinusoidal.elf'
' '
'Invoking: ARM v7 Print Size'
arm-none-eabi-size pmod_da2_sinusoidal.elf  |tee "pmod_da2_sinusoidal.elf.size"
   text	   data	    bss	    dec	    hex	filename
  35996	   1560	  23272	  60828	   ed9c	pmod_da2_sinusoidal.elf
'Finished building: pmod_da2_sinusoidal.elf.size'
' '
08:11:28 **** Incremental Build of configuration Debug for project pmod_da2_sinusoidal ****
make pre-build main-build 
a9-linaro-pre-build-step
' '
make: Nothing to be done for 'main-build'.
08:12:06 **** Incremental Build of configuration Debug for project pmod_da2_sinusoidal ****
make pre-build main-build 
a9-linaro-pre-build-step
' '
make: Nothing to be done for 'main-build'.
08:12:38 **** Auto Build of configuration Debug for project pmod_da2_sinusoidal ****
make pre-build main-build 
a9-linaro-pre-build-step
' '
'Building file: ../src/helloworld.c'
'Invoking: ARM v7 gcc compiler'
arm-none-eabi-gcc -Wall -O0 -g3 -c -fmessage-length=0 -MT"src/helloworld.o" -mcpu=cortex-a9 -mfpu=vfpv3 -mfloat-abi=hard -I../../pmod_da2_sinusoidal_bsp/ps7_cortexa9_0/include -MMD -MP -MF"src/helloworld.d" -MT"src/helloworld.o" -o "src/helloworld.o" "../src/helloworld.c"
'Finished building: ../src/helloworld.c'
' '
'Building target: pmod_da2_sinusoidal.elf'
'Invoking: ARM v7 gcc linker'
arm-none-eabi-gcc -mcpu=cortex-a9 -mfpu=vfpv3 -mfloat-abi=hard -Wl,-build-id=none -specs=Xilinx.spec -Wl,-T -Wl,../src/lscript.ld -L../../pmod_da2_sinusoidal_bsp/ps7_cortexa9_0/lib -o "pmod_da2_sinusoidal.elf"  ./src/helloworld.o ./src/platform.o   -lm -Wl,--start-group,-lxil,-lgcc,-lc,--end-group
'Finished building target: pmod_da2_sinusoidal.elf'
' '
'Invoking: ARM v7 Print Size'
arm-none-eabi-size pmod_da2_sinusoidal.elf  |tee "pmod_da2_sinusoidal.elf.size"
   text	   data	    bss	    dec	    hex	filename
  35996	   1560	  23272	  60828	   ed9c	pmod_da2_sinusoidal.elf
'Finished building: pmod_da2_sinusoidal.elf.size'
' '
08:12:47 **** Incremental Build of configuration Debug for project pmod_da2_sinusoidal ****
make pre-build main-build 
a9-linaro-pre-build-step
' '
make: Nothing to be done for 'main-build'.
08:15:19 **** Auto Build of configuration Debug for project pmod_da2_sinusoidal ****
make pre-build main-build 
a9-linaro-pre-build-step
' '
'Building file: ../src/helloworld.c'
'Invoking: ARM v7 gcc compiler'
arm-none-eabi-gcc -Wall -O0 -g3 -c -fmessage-length=0 -MT"src/helloworld.o" -mcpu=cortex-a9 -mfpu=vfpv3 -mfloat-abi=hard -I../../pmod_da2_sinusoidal_bsp/ps7_cortexa9_0/include -MMD -MP -MF"src/helloworld.d" -MT"src/helloworld.o" -o "src/helloworld.o" "../src/helloworld.c"
'Finished building: ../src/helloworld.c'
' '
'Building target: pmod_da2_sinusoidal.elf'
'Invoking: ARM v7 gcc linker'
arm-none-eabi-gcc -mcpu=cortex-a9 -mfpu=vfpv3 -mfloat-abi=hard -Wl,-build-id=none -specs=Xilinx.spec -Wl,-T -Wl,../src/lscript.ld -L../../pmod_da2_sinusoidal_bsp/ps7_cortexa9_0/lib -o "pmod_da2_sinusoidal.elf"  ./src/helloworld.o ./src/platform.o   -lm -Wl,--start-group,-lxil,-lgcc,-lc,--end-group
'Finished building target: pmod_da2_sinusoidal.elf'
' '
'Invoking: ARM v7 Print Size'
arm-none-eabi-size pmod_da2_sinusoidal.elf  |tee "pmod_da2_sinusoidal.elf.size"
   text	   data	    bss	    dec	    hex	filename
  36060	   1560	  23272	  60892	   eddc	pmod_da2_sinusoidal.elf
'Finished building: pmod_da2_sinusoidal.elf.size'
' '
08:15:35 **** Auto Build of configuration Debug for project pmod_da2_sinusoidal ****
make pre-build main-build 
a9-linaro-pre-build-step
' '
'Building file: ../src/helloworld.c'
'Invoking: ARM v7 gcc compiler'
arm-none-eabi-gcc -Wall -O0 -g3 -c -fmessage-length=0 -MT"src/helloworld.o" -mcpu=cortex-a9 -mfpu=vfpv3 -mfloat-abi=hard -I../../pmod_da2_sinusoidal_bsp/ps7_cortexa9_0/include -MMD -MP -MF"src/helloworld.d" -MT"src/helloworld.o" -o "src/helloworld.o" "../src/helloworld.c"
'Finished building: ../src/helloworld.c'
' '
'Building target: pmod_da2_sinusoidal.elf'
'Invoking: ARM v7 gcc linker'
arm-none-eabi-gcc -mcpu=cortex-a9 -mfpu=vfpv3 -mfloat-abi=hard -Wl,-build-id=none -specs=Xilinx.spec -Wl,-T -Wl,../src/lscript.ld -L../../pmod_da2_sinusoidal_bsp/ps7_cortexa9_0/lib -o "pmod_da2_sinusoidal.elf"  ./src/helloworld.o ./src/platform.o   -lm -Wl,--start-group,-lxil,-lgcc,-lc,--end-group
'Finished building target: pmod_da2_sinusoidal.elf'
' '
'Invoking: ARM v7 Print Size'
arm-none-eabi-size pmod_da2_sinusoidal.elf  |tee "pmod_da2_sinusoidal.elf.size"
   text	   data	    bss	    dec	    hex	filename
  36060	   1560	  23272	  60892	   eddc	pmod_da2_sinusoidal.elf
'Finished building: pmod_da2_sinusoidal.elf.size'
' '
08:23:54 **** Auto Build of configuration Debug for project pmod_da2_sinusoidal ****
make pre-build main-build 
a9-linaro-pre-build-step
' '
'Building file: ../src/helloworld.c'
'Invoking: ARM v7 gcc compiler'
arm-none-eabi-gcc -Wall -O0 -g3 -c -fmessage-length=0 -MT"src/helloworld.o" -mcpu=cortex-a9 -mfpu=vfpv3 -mfloat-abi=hard -I../../pmod_da2_sinusoidal_bsp/ps7_cortexa9_0/include -MMD -MP -MF"src/helloworld.d" -MT"src/helloworld.o" -o "src/helloworld.o" "../src/helloworld.c"
'Finished building: ../src/helloworld.c'
' '
'Building target: pmod_da2_sinusoidal.elf'
'Invoking: ARM v7 gcc linker'
arm-none-eabi-gcc -mcpu=cortex-a9 -mfpu=vfpv3 -mfloat-abi=hard -Wl,-build-id=none -specs=Xilinx.spec -Wl,-T -Wl,../src/lscript.ld -L../../pmod_da2_sinusoidal_bsp/ps7_cortexa9_0/lib -o "pmod_da2_sinusoidal.elf"  ./src/helloworld.o ./src/platform.o   -lm -Wl,--start-group,-lxil,-lgcc,-lc,--end-group
'Finished building target: pmod_da2_sinusoidal.elf'
' '
'Invoking: ARM v7 Print Size'
arm-none-eabi-size pmod_da2_sinusoidal.elf  |tee "pmod_da2_sinusoidal.elf.size"
   text	   data	    bss	    dec	    hex	filename
  36060	   1560	  23272	  60892	   eddc	pmod_da2_sinusoidal.elf
'Finished building: pmod_da2_sinusoidal.elf.size'
' '
08:24:00 **** Incremental Build of configuration Debug for project pmod_da2_sinusoidal ****
make pre-build main-build 
a9-linaro-pre-build-step
' '
make: Nothing to be done for 'main-build'.
08:27:25 **** Auto Build of configuration Debug for project pmod_da2_sinusoidal ****
make pre-build main-build 
a9-linaro-pre-build-step
' '
'Building file: ../src/helloworld.c'
'Invoking: ARM v7 gcc compiler'
arm-none-eabi-gcc -Wall -O0 -g3 -c -fmessage-length=0 -MT"src/helloworld.o" -mcpu=cortex-a9 -mfpu=vfpv3 -mfloat-abi=hard -I../../pmod_da2_sinusoidal_bsp/ps7_cortexa9_0/include -MMD -MP -MF"src/helloworld.d" -MT"src/helloworld.o" -o "src/helloworld.o" "../src/helloworld.c"
'Finished building: ../src/helloworld.c'
' '
'Building target: pmod_da2_sinusoidal.elf'
'Invoking: ARM v7 gcc linker'
arm-none-eabi-gcc -mcpu=cortex-a9 -mfpu=vfpv3 -mfloat-abi=hard -Wl,-build-id=none -specs=Xilinx.spec -Wl,-T -Wl,../src/lscript.ld -L../../pmod_da2_sinusoidal_bsp/ps7_cortexa9_0/lib -o "pmod_da2_sinusoidal.elf"  ./src/helloworld.o ./src/platform.o   -lm -Wl,--start-group,-lxil,-lgcc,-lc,--end-group
'Finished building target: pmod_da2_sinusoidal.elf'
' '
'Invoking: ARM v7 Print Size'
arm-none-eabi-size pmod_da2_sinusoidal.elf  |tee "pmod_da2_sinusoidal.elf.size"
   text	   data	    bss	    dec	    hex	filename
  36060	   1560	  23272	  60892	   eddc	pmod_da2_sinusoidal.elf
'Finished building: pmod_da2_sinusoidal.elf.size'
' '
08:27:28 **** Incremental Build of configuration Debug for project pmod_da2_sinusoidal ****
make pre-build main-build 
a9-linaro-pre-build-step
' '
make: Nothing to be done for 'main-build'.
08:33:17 **** Auto Build of configuration Debug for project pmod_da2_sinusoidal ****
make pre-build main-build 
a9-linaro-pre-build-step
' '
'Building file: ../src/helloworld.c'
'Invoking: ARM v7 gcc compiler'
arm-none-eabi-gcc -Wall -O0 -g3 -c -fmessage-length=0 -MT"src/helloworld.o" -mcpu=cortex-a9 -mfpu=vfpv3 -mfloat-abi=hard -I../../pmod_da2_sinusoidal_bsp/ps7_cortexa9_0/include -MMD -MP -MF"src/helloworld.d" -MT"src/helloworld.o" -o "src/helloworld.o" "../src/helloworld.c"
'Finished building: ../src/helloworld.c'
' '
'Building target: pmod_da2_sinusoidal.elf'
'Invoking: ARM v7 gcc linker'
arm-none-eabi-gcc -mcpu=cortex-a9 -mfpu=vfpv3 -mfloat-abi=hard -Wl,-build-id=none -specs=Xilinx.spec -Wl,-T -Wl,../src/lscript.ld -L../../pmod_da2_sinusoidal_bsp/ps7_cortexa9_0/lib -o "pmod_da2_sinusoidal.elf"  ./src/helloworld.o ./src/platform.o   -lm -Wl,--start-group,-lxil,-lgcc,-lc,--end-group
'Finished building target: pmod_da2_sinusoidal.elf'
' '
'Invoking: ARM v7 Print Size'
arm-none-eabi-size pmod_da2_sinusoidal.elf  |tee "pmod_da2_sinusoidal.elf.size"
   text	   data	    bss	    dec	    hex	filename
  36068	   1560	  23272	  60900	   ede4	pmod_da2_sinusoidal.elf
'Finished building: pmod_da2_sinusoidal.elf.size'
' '
08:34:04 **** Auto Build of configuration Debug for project pmod_da2_sinusoidal ****
make pre-build main-build 
a9-linaro-pre-build-step
' '
'Building file: ../src/helloworld.c'
'Invoking: ARM v7 gcc compiler'
arm-none-eabi-gcc -Wall -O0 -g3 -c -fmessage-length=0 -MT"src/helloworld.o" -mcpu=cortex-a9 -mfpu=vfpv3 -mfloat-abi=hard -I../../pmod_da2_sinusoidal_bsp/ps7_cortexa9_0/include -MMD -MP -MF"src/helloworld.d" -MT"src/helloworld.o" -o "src/helloworld.o" "../src/helloworld.c"
'Finished building: ../src/helloworld.c'
' '
'Building target: pmod_da2_sinusoidal.elf'
'Invoking: ARM v7 gcc linker'
arm-none-eabi-gcc -mcpu=cortex-a9 -mfpu=vfpv3 -mfloat-abi=hard -Wl,-build-id=none -specs=Xilinx.spec -Wl,-T -Wl,../src/lscript.ld -L../../pmod_da2_sinusoidal_bsp/ps7_cortexa9_0/lib -o "pmod_da2_sinusoidal.elf"  ./src/helloworld.o ./src/platform.o   -lm -Wl,--start-group,-lxil,-lgcc,-lc,--end-group
'Finished building target: pmod_da2_sinusoidal.elf'
' '
'Invoking: ARM v7 Print Size'
arm-none-eabi-size pmod_da2_sinusoidal.elf  |tee "pmod_da2_sinusoidal.elf.size"
   text	   data	    bss	    dec	    hex	filename
  36068	   1560	  23272	  60900	   ede4	pmod_da2_sinusoidal.elf
'Finished building: pmod_da2_sinusoidal.elf.size'
' '
08:34:38 **** Incremental Build of configuration Debug for project pmod_da2_sinusoidal ****
make pre-build main-build 
a9-linaro-pre-build-step
' '
make: Nothing to be done for 'main-build'.
