00:41:23 **** Auto Build of configuration Debug for project pmod_da2_test ****
make pre-build main-build 
a9-linaro-pre-build-step
' '
'Building file: ../src/PmodDA2Test.c'
'Invoking: ARM v7 gcc compiler'
arm-none-eabi-gcc -Wall -O0 -g3 -c -fmessage-length=0 -MT"src/PmodDA2Test.o" -mcpu=cortex-a9 -mfpu=vfpv3 -mfloat-abi=hard -I../../pmod_da2_sinusoidal_bsp/ps7_cortexa9_0/include -MMD -MP -MF"src/PmodDA2Test.d" -MT"src/PmodDA2Test.o" -o "src/PmodDA2Test.o" "../src/PmodDA2Test.c"
'Finished building: ../src/PmodDA2Test.c'
' '
'Building target: pmod_da2_test.elf'
'Invoking: ARM v7 gcc linker'
arm-none-eabi-gcc -mcpu=cortex-a9 -mfpu=vfpv3 -mfloat-abi=hard -Wl,-build-id=none -specs=Xilinx.spec -Wl,-T -Wl,../src/lscript.ld -L../../pmod_da2_sinusoidal_bsp/ps7_cortexa9_0/lib -o "pmod_da2_test.elf"  ./src/PmodDA2Test.o   -Wl,--start-group,-lxil,-lgcc,-lc,--end-group
'Finished building target: pmod_da2_test.elf'
' '
'Invoking: ARM v7 Print Size'
arm-none-eabi-size pmod_da2_test.elf  |tee "pmod_da2_test.elf.size"
   text	   data	    bss	    dec	    hex	filename
  29648	   1544	  23256	  54448	   d4b0	pmod_da2_test.elf
'Finished building: pmod_da2_test.elf.size'
' '

00:41:25 Build Finished (took 1s.983ms)

