01:09:33 **** Auto Build of configuration Debug for project pmod_da2_sinusoidal ****
make pre-build main-build 
a9-linaro-pre-build-step
' '
'Building file: ../src/helloworld.c'
'Invoking: ARM v7 gcc compiler'
arm-none-eabi-gcc -Wall -O0 -g3 -c -fmessage-length=0 -MT"src/helloworld.o" -mcpu=cortex-a9 -mfpu=vfpv3 -mfloat-abi=hard -I../../pmod_da2_sinusoidal_bsp/ps7_cortexa9_0/include -MMD -MP -MF"src/helloworld.d" -MT"src/helloworld.o" -o "src/helloworld.o" "../src/helloworld.c"
'Finished building: ../src/helloworld.c'
' '
'Building target: pmod_da2_sinusoidal.elf'
'Invoking: ARM v7 gcc linker'
arm-none-eabi-gcc -mcpu=cortex-a9 -mfpu=vfpv3 -mfloat-abi=hard -Wl,-build-id=none -specs=Xilinx.spec -Wl,-T -Wl,../src/lscript.ld -L../../pmod_da2_sinusoidal_bsp/ps7_cortexa9_0/lib -o "pmod_da2_sinusoidal.elf"  ./src/helloworld.o ./src/platform.o   -lm -Wl,--start-group,-lxil,-lgcc,-lc,--end-group
'Finished building target: pmod_da2_sinusoidal.elf'
' '
'Invoking: ARM v7 Print Size'
arm-none-eabi-size pmod_da2_sinusoidal.elf  |tee "pmod_da2_sinusoidal.elf.size"
   text	   data	    bss	    dec	    hex	filename
  19064	   1144	  22568	  42776	   a718	pmod_da2_sinusoidal.elf
'Finished building: pmod_da2_sinusoidal.elf.size'
' '

01:09:35 Build Finished (took 1s.921ms)

